<html>
<body>
<pre>
<h1>µVision Build Log</h1>
<h2>Tool Versions:</h2>
IDE-Version: ¦ÌVision V5.43.0.0
Copyright (C) 2025 ARM Ltd and ARM Germany GmbH. All rights reserved.
License Information: Xu CARBON, NEUQ, LIC=WHYH9-4UW0X-8T23P-MVDII-HDEA6-LWKQP
 
Tool Versions:
Toolchain:       MDK-ARM Plus  Version: 5.43.0.0
Toolchain Path:  D:\Keil_v5\ARM\ARMCLANG\Bin
C Compiler:      ArmClang.exe V6.24
Assembler:       Armasm.exe V6.24
Linker/Locator:  ArmLink.exe V6.24
Library Manager: ArmAr.exe V6.24
Hex Converter:   FromElf.exe V6.24
CPU DLL:         
Dialog DLL:      
Target DLL:      Segger\JL2CM3.dll V2.99.45.0
Dialog DLL:      TCM.DLL V1.56.6.0
 
<h2>Project:</h2>
F:\Embedded\OPS10\MDK-ARM\OPS10.uvprojx
Project File Date:  05/11/2026

<h2>Output:</h2>
*** Using Compiler 'V6.24', folder: 'D:\Keil_v5\ARM\ARMCLANG\Bin'
Rebuild target 'OPS10'
assembling startup_stm32h503xx.s...
compiling memorymap.c...
compiling main.c...
compiling i2c.c...
compiling stm32h5xx_hal_pwr.c...
compiling gpio.c...
compiling icache.c...
compiling stm32h5xx_hal_gpio.c...
compiling stm32h5xx_hal_flash.c...
compiling stm32h5xx_hal_flash_ex.c...
compiling spi.c...
compiling tim.c...
compiling stm32h5xx_hal_rcc.c...
compiling stm32h5xx_it.c...
compiling stm32h5xx_hal_exti.c...
compiling stm32h5xx_hal_rcc_ex.c...
compiling stm32h5xx_hal_dma_ex.c...
compiling stm32h5xx_hal.c...
compiling stm32h5xx_hal_cortex.c...
compiling stm32h5xx_hal_dma.c...
compiling usb.c...
compiling stm32h5xx_hal_msp.c...
compiling stm32h5xx_hal_i2c_ex.c...
compiling stm32h5xx_hal_icache.c...
compiling fdcan.c...
compiling stm32h5xx_hal_pwr_ex.c...
compiling stm32h5xx_hal_spi_ex.c...
compiling stm32h5xx_hal_fdcan.c...
compiling stm32h5xx_hal_spi.c...
compiling stm32h5xx_hal_i2c.c...
compiling stm32h5xx_hal_pcd_ex.c...
compiling stm32h5xx_hal_tim_ex.c...
compiling stm32h5xx_hal_pcd.c...
compiling system_stm32h5xx.c...
compiling stm32h5xx_hal_tim.c...
compiling stm32h5xx_ll_usb.c...
compiling dvc_BMP388.cpp...
compiling drv_tim.cpp...
compiling drv_can.cpp...
compiling drv_spi.cpp...
compiling drv_math.cpp...
compiling dvc_ICM42688.cpp...
compiling QuaternionEKF.cpp...
compiling dvc_dwt.cpp...
compiling alg_fsm.cpp...
compiling dvc_MT6816.cpp...
compiling dvc_MMC5983.cpp...
compiling ita_chariot.cpp...
compiling Mahony.cpp...
compiling kalman_filter.cpp...
compiling tsk_config_and_callback.cpp...
linking...
Program Size: Code=42998 RO-data=670 RW-data=20 ZI-data=5444  
FromELF: creating hex file...
"OPS10\OPS10.axf" - 0 Error(s), 0 Warning(s).

<h2>Software Packages used:</h2>

Package Vendor: ARM
                https://www.keil.com/pack/ARM.CMSIS.6.3.0.pack
                ARM::CMSIS@6.3.0
                CMSIS (Common Microcontroller Software Interface Standard)
   * Component: CORE Version: 6.2.0

Package Vendor: Keil
                https://www.keil.com/pack/Keil.STM32H5xx_DFP.2.1.1.pack
                Keil::STM32H5xx_DFP@2.1.1
                STMicroelectronics STM32H5 Series Device Support

<h2>Collection of Component include folders:</h2>
  ./RTE/_OPS10
  D:/Keil_v5/ARM/PACK/ARM/CMSIS/6.3.0/CMSIS/Core/Include

<h2>Collection of Component Files used:</h2>

   * Component: ARM::CMSIS:CORE@6.2.0
      Include file:  CMSIS/Core/Include/tz_context.h
Build Time Elapsed:  00:00:02
</pre>
</body>
</html>
