Component: Arm Compiler for Embedded 6.24 Tool: armlink [5f371500]

==============================================================================

Section Cross References

    startup_stm32h503xx.o(STACK) refers (Special) to heapauxi.o(.text) for __use_two_region_memory
    startup_stm32h503xx.o(HEAP) refers (Special) to heapauxi.o(.text) for __use_two_region_memory
    startup_stm32h503xx.o(RESET) refers (Special) to heapauxi.o(.text) for __use_two_region_memory
    startup_stm32h503xx.o(RESET) refers to startup_stm32h503xx.o(STACK) for __initial_sp
    startup_stm32h503xx.o(RESET) refers to startup_stm32h503xx.o(.text) for Reset_Handler
    startup_stm32h503xx.o(RESET) refers to stm32h5xx_it.o(.text.NMI_Handler) for NMI_Handler
    startup_stm32h503xx.o(RESET) refers to stm32h5xx_it.o(.text.HardFault_Handler) for HardFault_Handler
    startup_stm32h503xx.o(RESET) refers to stm32h5xx_it.o(.text.MemManage_Handler) for MemManage_Handler
    startup_stm32h503xx.o(RESET) refers to stm32h5xx_it.o(.text.BusFault_Handler) for BusFault_Handler
    startup_stm32h503xx.o(RESET) refers to stm32h5xx_it.o(.text.UsageFault_Handler) for UsageFault_Handler
    startup_stm32h503xx.o(RESET) refers to stm32h5xx_it.o(.text.SVC_Handler) for SVC_Handler
    startup_stm32h503xx.o(RESET) refers to stm32h5xx_it.o(.text.DebugMon_Handler) for DebugMon_Handler
    startup_stm32h503xx.o(RESET) refers to stm32h5xx_it.o(.text.PendSV_Handler) for PendSV_Handler
    startup_stm32h503xx.o(RESET) refers to stm32h5xx_it.o(.text.SysTick_Handler) for SysTick_Handler
    startup_stm32h503xx.o(RESET) refers to stm32h5xx_it.o(.text.FDCAN1_IT0_IRQHandler) for FDCAN1_IT0_IRQHandler
    startup_stm32h503xx.o(RESET) refers to stm32h5xx_it.o(.text.FDCAN1_IT1_IRQHandler) for FDCAN1_IT1_IRQHandler
    startup_stm32h503xx.o(RESET) refers to stm32h5xx_it.o(.text.TIM2_IRQHandler) for TIM2_IRQHandler
    startup_stm32h503xx.o(RESET) refers to stm32h5xx_it.o(.text.TIM3_IRQHandler) for TIM3_IRQHandler
    startup_stm32h503xx.o(RESET) refers to stm32h5xx_it.o(.text.I2C1_EV_IRQHandler) for I2C1_EV_IRQHandler
    startup_stm32h503xx.o(RESET) refers to stm32h5xx_it.o(.text.I2C1_ER_IRQHandler) for I2C1_ER_IRQHandler
    startup_stm32h503xx.o(.text) refers (Special) to heapauxi.o(.text) for __use_two_region_memory
    startup_stm32h503xx.o(.text) refers to system_stm32h5xx.o(.text.SystemInit) for SystemInit
    startup_stm32h503xx.o(.text) refers to __main.o(!!!main) for __main
    startup_stm32h503xx.o(.text) refers to startup_stm32h503xx.o(HEAP) for Heap_Mem
    startup_stm32h503xx.o(.text) refers to startup_stm32h503xx.o(STACK) for Stack_Mem
    main.o(.text.main) refers to stm32h5xx_hal.o(.text.HAL_Init) for HAL_Init
    main.o(.text.main) refers to main.o(.text.SystemClock_Config) for SystemClock_Config
    main.o(.text.main) refers to gpio.o(.text.MX_GPIO_Init) for MX_GPIO_Init
    main.o(.text.main) refers to fdcan.o(.text.MX_FDCAN1_Init) for MX_FDCAN1_Init
    main.o(.text.main) refers to i2c.o(.text.MX_I2C1_Init) for MX_I2C1_Init
    main.o(.text.main) refers to i2c.o(.text.MX_I2C2_Init) for MX_I2C2_Init
    main.o(.text.main) refers to icache.o(.text.MX_ICACHE_Init) for MX_ICACHE_Init
    main.o(.text.main) refers to spi.o(.text.MX_SPI1_Init) for MX_SPI1_Init
    main.o(.text.main) refers to spi.o(.text.MX_SPI2_Init) for MX_SPI2_Init
    main.o(.text.main) refers to spi.o(.text.MX_SPI3_Init) for MX_SPI3_Init
    main.o(.text.main) refers to tim.o(.text.MX_TIM1_Init) for MX_TIM1_Init
    main.o(.text.main) refers to usb.o(.text.MX_USB_PCD_Init) for MX_USB_PCD_Init
    main.o(.text.main) refers to tim.o(.text.MX_TIM2_Init) for MX_TIM2_Init
    main.o(.text.main) refers to tim.o(.text.MX_TIM3_Init) for MX_TIM3_Init
    main.o(.text.main) refers to tsk_config_and_callback.o(.text.Task_Init) for Task_Init
    main.o(.ARM.exidx.text.main) refers to main.o(.text.main) for [Anonymous Symbol]
    main.o(.text.SystemClock_Config) refers to rt_memclr_w.o(.text) for __aeabi_memclr4
    main.o(.text.SystemClock_Config) refers to stm32h5xx_hal_rcc.o(.text.HAL_RCC_OscConfig) for HAL_RCC_OscConfig
    main.o(.text.SystemClock_Config) refers to main.o(.text.Error_Handler) for Error_Handler
    main.o(.text.SystemClock_Config) refers to stm32h5xx_hal_rcc.o(.text.HAL_RCC_ClockConfig) for HAL_RCC_ClockConfig
    main.o(.ARM.exidx.text.SystemClock_Config) refers to main.o(.text.SystemClock_Config) for [Anonymous Symbol]
    main.o(.ARM.exidx.text.Error_Handler) refers to main.o(.text.Error_Handler) for [Anonymous Symbol]
    gpio.o(.text.MX_GPIO_Init) refers to stm32h5xx_hal_gpio.o(.text.HAL_GPIO_WritePin) for HAL_GPIO_WritePin
    gpio.o(.text.MX_GPIO_Init) refers to stm32h5xx_hal_gpio.o(.text.HAL_GPIO_Init) for HAL_GPIO_Init
    gpio.o(.ARM.exidx.text.MX_GPIO_Init) refers to gpio.o(.text.MX_GPIO_Init) for [Anonymous Symbol]
    fdcan.o(.text.MX_FDCAN1_Init) refers to fdcan.o(.bss.hfdcan1) for hfdcan1
[...]
    [Anonymous Symbol]                       0x08001794   Section        0  stm32h5xx_hal_i2c_ex.o(.text.HAL_I2CEx_ConfigDigitalFilter)
    [Anonymous Symbol]                       0x08001838   Section        0  stm32h5xx_hal_i2c.o(.text.HAL_I2C_AbortCpltCallback)
    [Anonymous Symbol]                       0x08001840   Section        0  stm32h5xx_hal_i2c.o(.text.HAL_I2C_AddrCallback)
    [Anonymous Symbol]                       0x08001850   Section        0  stm32h5xx_hal_i2c.o(.text.HAL_I2C_ER_IRQHandler)
    [Anonymous Symbol]                       0x08001920   Section        0  stm32h5xx_hal_i2c.o(.text.HAL_I2C_EV_IRQHandler)
    [Anonymous Symbol]                       0x08001950   Section        0  stm32h5xx_hal_i2c.o(.text.HAL_I2C_ErrorCallback)
    [Anonymous Symbol]                       0x08001958   Section        0  stm32h5xx_hal_i2c.o(.text.HAL_I2C_Init)
    [Anonymous Symbol]                       0x08001a6c   Section        0  stm32h5xx_hal_i2c.o(.text.HAL_I2C_ListenCpltCallback)
    [Anonymous Symbol]                       0x08001a74   Section        0  i2c.o(.text.HAL_I2C_MspInit)
    [Anonymous Symbol]                       0x08001bd4   Section        0  stm32h5xx_hal_i2c.o(.text.HAL_I2C_SlaveRxCpltCallback)
    [Anonymous Symbol]                       0x08001bdc   Section        0  stm32h5xx_hal_i2c.o(.text.HAL_I2C_SlaveTxCpltCallback)
    [Anonymous Symbol]                       0x08001be4   Section        0  stm32h5xx_hal_icache.o(.text.HAL_ICACHE_Enable)
    [Anonymous Symbol]                       0x08001bf8   Section        0  stm32h5xx_hal.o(.text.HAL_IncTick)
    [Anonymous Symbol]                       0x08001c14   Section        0  stm32h5xx_hal.o(.text.HAL_Init)
    [Anonymous Symbol]                       0x08001c74   Section        0  stm32h5xx_hal.o(.text.HAL_InitTick)
    [Anonymous Symbol]                       0x08001d88   Section        0  stm32h5xx_hal_msp.o(.text.HAL_MspInit)
    [Anonymous Symbol]                       0x08001d8c   Section        0  stm32h5xx_hal_cortex.o(.text.HAL_NVIC_EnableIRQ)
    [Anonymous Symbol]                       0x08001da0   Section        0  stm32h5xx_hal_cortex.o(.text.HAL_NVIC_SetPriority)
    [Anonymous Symbol]                       0x08001dd0   Section        0  stm32h5xx_hal_cortex.o(.text.HAL_NVIC_SetPriorityGrouping)
    [Anonymous Symbol]                       0x08001de0   Section        0  stm32h5xx_hal_pcd_ex.o(.text.HAL_PCDEx_ActivateLPM)
    [Anonymous Symbol]                       0x08001e14   Section        0  stm32h5xx_hal_pcd.o(.text.HAL_PCD_Init)
    [Anonymous Symbol]                       0x08001fc8   Section        0  usb.o(.text.HAL_PCD_MspInit)
    [Anonymous Symbol]                       0x08002028   Section        0  stm32h5xx_hal_rcc_ex.o(.text.HAL_RCCEx_PeriphCLKConfig)
    [Anonymous Symbol]                       0x08002ac4   Section        0  stm32h5xx_hal_rcc.o(.text.HAL_RCC_ClockConfig)
    [Anonymous Symbol]                       0x08002f58   Section        0  stm32h5xx_hal_rcc.o(.text.HAL_RCC_GetHCLKFreq)
    [Anonymous Symbol]                       0x08002f8c   Section        0  stm32h5xx_hal_rcc.o(.text.HAL_RCC_GetSysClockFreq)
    [Anonymous Symbol]                       0x08003258   Section        0  stm32h5xx_hal_rcc.o(.text.HAL_RCC_OscConfig)
    [Anonymous Symbol]                       0x08003c54   Section        0  stm32h5xx_hal_spi.o(.text.HAL_SPI_Init)
    [Anonymous Symbol]                       0x08003e7c   Section        0  spi.o(.text.HAL_SPI_MspInit)
    [Anonymous Symbol]                       0x08004068   Section        0  stm32h5xx_hal_cortex.o(.text.HAL_SYSTICK_CLKSourceConfig)
    [Anonymous Symbol]                       0x08004104   Section        0  stm32h5xx_hal_cortex.o(.text.HAL_SYSTICK_Config)
    [Anonymous Symbol]                       0x08004150   Section        0  stm32h5xx_hal_cortex.o(.text.HAL_SYSTICK_GetCLKSourceConfig)
    [Anonymous Symbol]                       0x080041b4   Section        0  stm32h5xx_hal_tim_ex.o(.text.HAL_TIMEx_Break2Callback)
    [Anonymous Symbol]                       0x080041bc   Section        0  stm32h5xx_hal_tim_ex.o(.text.HAL_TIMEx_BreakCallback)
    [Anonymous Symbol]                       0x080041c4   Section        0  stm32h5xx_hal_tim_ex.o(.text.HAL_TIMEx_CommutCallback)
    [Anonymous Symbol]                       0x080041cc   Section        0  stm32h5xx_hal_tim_ex.o(.text.HAL_TIMEx_DirectionChangeCallback)
    [Anonymous Symbol]                       0x080041d4   Section        0  stm32h5xx_hal_tim_ex.o(.text.HAL_TIMEx_EncoderIndexCallback)
    [Anonymous Symbol]                       0x080041dc   Section        0  stm32h5xx_hal_tim_ex.o(.text.HAL_TIMEx_IndexErrorCallback)
    [Anonymous Symbol]                       0x080041e4   Section        0  stm32h5xx_hal_tim_ex.o(.text.HAL_TIMEx_MasterConfigSynchronization)
    [Anonymous Symbol]                       0x080042dc   Section        0  stm32h5xx_hal_tim_ex.o(.text.HAL_TIMEx_TransitionErrorCallback)
    [Anonymous Symbol]                       0x080042e4   Section        0  stm32h5xx_hal_tim.o(.text.HAL_TIM_Base_Init)
    [Anonymous Symbol]                       0x0800438c   Section        0  tim.o(.text.HAL_TIM_Base_MspInit)
    [Anonymous Symbol]                       0x08004498   Section        0  stm32h5xx_hal_tim.o(.text.HAL_TIM_Base_Start_IT)
    [Anonymous Symbol]                       0x08004544   Section        0  stm32h5xx_hal_tim.o(.text.HAL_TIM_ConfigClockSource)
    [Anonymous Symbol]                       0x0800474c   Section        0  stm32h5xx_hal_tim.o(.text.HAL_TIM_IC_CaptureCallback)
    [Anonymous Symbol]                       0x08004754   Section        0  stm32h5xx_hal_tim.o(.text.HAL_TIM_IRQHandler)
    [Anonymous Symbol]                       0x08004a54   Section        0  stm32h5xx_hal_tim.o(.text.HAL_TIM_OC_DelayElapsedCallback)
    [Anonymous Symbol]                       0x08004a5c   Section        0  stm32h5xx_hal_tim.o(.text.HAL_TIM_PWM_PulseFinishedCallback)
    [Anonymous Symbol]                       0x08004a64   Section        0  drv_tim.o(.text.HAL_TIM_PeriodElapsedCallback)
    [Anonymous Symbol]                       0x08004b10   Section        0  stm32h5xx_hal_tim.o(.text.HAL_TIM_TriggerCallback)
    [Anonymous Symbol]                       0x08004b18   Section        0  stm32h5xx_it.o(.text.HardFault_Handler)
    [Anonymous Symbol]                       0x08004b1c   Section        0  stm32h5xx_it.o(.text.I2C1_ER_IRQHandler)
    [Anonymous Symbol]                       0x08004b2c   Section        0  stm32h5xx_it.o(.text.I2C1_EV_IRQHandler)
    I2C_DMAAbort                             0x08004b3d   Thumb Code    58  stm32h5xx_hal_i2c.o(.text.I2C_DMAAbort)
    [Anonymous Symbol]                       0x08004b3c   Section        0  stm32h5xx_hal_i2c.o(.text.I2C_DMAAbort)
    I2C_Disable_IRQ                          0x08004b79   Thumb Code   204  stm32h5xx_hal_i2c.o(.text.I2C_Disable_IRQ)
    [Anonymous Symbol]                       0x08004b78   Section        0  stm32h5xx_hal_i2c.o(.text.I2C_Disable_IRQ)
    I2C_Flush_TXDR                           0x08004c45   Thumb Code    64  stm32h5xx_hal_i2c.o(.text.I2C_Flush_TXDR)
    [Anonymous Symbol]                       0x08004c44   Section        0  stm32h5xx_hal_i2c.o(.text.I2C_Flush_TXDR)
    I2C_ITAddrCplt                           0x08004c85   Thumb Code   300  stm32h5xx_hal_i2c.o(.text.I2C_ITAddrCplt)
    [Anonymous Symbol]                       0x08004c84   Section        0  stm32h5xx_hal_i2c.o(.text.I2C_ITAddrCplt)
    I2C_ITError                              0x08004db1   Thumb Code   498  stm32h5xx_hal_i2c.o(.text.I2C_ITError)
    [Anonymous Symbol]                       0x08004db0   Section        0  stm32h5xx_hal_i2c.o(.text.I2C_ITError)
    I2C_ITListenCplt                         0x08004fa5   Thumb Code   156  stm32h5xx_hal_i2c.o(.text.I2C_ITListenCplt)
    [Anonymous Symbol]                       0x08004fa4   Section        0  stm32h5xx_hal_i2c.o(.text.I2C_ITListenCplt)
    I2C_ITSlaveCplt                          0x08005041   Thumb Code   808  stm32h5xx_hal_i2c.o(.text.I2C_ITSlaveCplt)
    [Anonymous Symbol]                       0x08005040   Section        0  stm32h5xx_hal_i2c.o(.text.I2C_ITSlaveCplt)
    I2C_ITSlaveSeqCplt                       0x08005369   Thumb Code   200  stm32h5xx_hal_i2c.o(.text.I2C_ITSlaveSeqCplt)
    [Anonymous Symbol]                       0x08005368   Section        0  stm32h5xx_hal_i2c.o(.text.I2C_ITSlaveSeqCplt)
    I2C_Slave_ISR_IT                         0x08005431   Thumb Code   584  stm32h5xx_hal_i2c.o(.text.I2C_Slave_ISR_IT)
    [Anonymous Symbol]                       0x08005430   Section        0  stm32h5xx_hal_i2c.o(.text.I2C_Slave_ISR_IT)
    I2C_TreatErrorCallback                   0x08005679   Thumb Code    82  stm32h5xx_hal_i2c.o(.text.I2C_TreatErrorCallback)
    [Anonymous Symbol]                       0x08005678   Section        0  stm32h5xx_hal_i2c.o(.text.I2C_TreatErrorCallback)
    [Anonymous Symbol]                       0x080056cc   Section        0  fdcan.o(.text.MX_FDCAN1_Init)
    [Anonymous Symbol]                       0x0800572c   Section        0  gpio.o(.text.MX_GPIO_Init)
    [Anonymous Symbol]                       0x0800584c   Section        0  i2c.o(.text.MX_I2C1_Init)
    [Anonymous Symbol]                       0x080058c4   Section        0  i2c.o(.text.MX_I2C2_Init)
    [Anonymous Symbol]                       0x0800593c   Section        0  icache.o(.text.MX_ICACHE_Init)
    [Anonymous Symbol]                       0x08005950   Section        0  spi.o(.text.MX_SPI1_Init)
    [Anonymous Symbol]                       0x080059c0   Section        0  spi.o(.text.MX_SPI2_Init)
    [Anonymous Symbol]                       0x08005a30   Section        0  spi.o(.text.MX_SPI3_Init)
    [Anonymous Symbol]                       0x08005aa0   Section        0  tim.o(.text.MX_TIM1_Init)
    [Anonymous Symbol]                       0x08005b2c   Section        0  tim.o(.text.MX_TIM2_Init)
    [Anonymous Symbol]                       0x08005bb0   Section        0  tim.o(.text.MX_TIM3_Init)
    [Anonymous Symbol]                       0x08005c38   Section        0  usb.o(.text.MX_USB_PCD_Init)
    [Anonymous Symbol]                       0x08005c7c   Section        0  stm32h5xx_it.o(.text.MemManage_Handler)
    [Anonymous Symbol]                       0x08005c80   Section        0  stm32h5xx_it.o(.text.NMI_Handler)
    NVIC_EncodePriority                      0x08005c85   Thumb Code   108  stm32h5xx_hal_cortex.o(.text.NVIC_EncodePriority)
    [Anonymous Symbol]                       0x08005c84   Section        0  stm32h5xx_hal_cortex.o(.text.NVIC_EncodePriority)
    [Anonymous Symbol]                       0x08005cf0   Section        0  stm32h5xx_it.o(.text.PendSV_Handler)
    RCCEx_PLL2_Config                        0x08005cf5   Thumb Code   364  stm32h5xx_hal_rcc_ex.o(.text.RCCEx_PLL2_Config)
    [Anonymous Symbol]                       0x08005cf4   Section        0  stm32h5xx_hal_rcc_ex.o(.text.RCCEx_PLL2_Config)
    SPI_GetPacketSize                        0x08005e61   Thumb Code    44  stm32h5xx_hal_spi.o(.text.SPI_GetPacketSize)
    [Anonymous Symbol]                       0x08005e60   Section        0  stm32h5xx_hal_spi.o(.text.SPI_GetPacketSize)
    [Anonymous Symbol]                       0x08005e8c   Section        0  stm32h5xx_it.o(.text.SVC_Handler)
    [Anonymous Symbol]                       0x08005e90   Section        0  stm32h5xx_it.o(.text.SysTick_Handler)
    [Anonymous Symbol]                       0x08005e98   Section        0  main.o(.text.SystemClock_Config)
    [Anonymous Symbol]                       0x08005f64   Section        0  system_stm32h5xx.o(.text.SystemInit)
    [Anonymous Symbol]                       0x0800607c   Section        0  stm32h5xx_it.o(.text.TIM2_IRQHandler)
    [Anonymous Symbol]                       0x0800608c   Section        0  stm32h5xx_it.o(.text.TIM3_IRQHandler)
    [Anonymous Symbol]                       0x0800609c   Section        0  stm32h5xx_hal_tim.o(.text.TIM_Base_SetConfig)
    [Anonymous Symbol]                       0x08006184   Section        0  stm32h5xx_hal_tim.o(.text.TIM_ETR_SetConfig)
    TIM_ITRx_SetConfig                       0x080061b9   Thumb Code    48  stm32h5xx_hal_tim.o(.text.TIM_ITRx_SetConfig)
    [Anonymous Symbol]                       0x080061b8   Section        0  stm32h5xx_hal_tim.o(.text.TIM_ITRx_SetConfig)
    TIM_TI1_ConfigInputStage                 0x080061e9   Thumb Code    80  stm32h5xx_hal_tim.o(.text.TIM_TI1_ConfigInputStage)
    [Anonymous Symbol]                       0x080061e8   Section        0  stm32h5xx_hal_tim.o(.text.TIM_TI1_ConfigInputStage)
    TIM_TI2_ConfigInputStage                 0x08006239   Thumb Code    82  stm32h5xx_hal_tim.o(.text.TIM_TI2_ConfigInputStage)
    [Anonymous Symbol]                       0x08006238   Section        0  stm32h5xx_hal_tim.o(.text.TIM_TI2_ConfigInputStage)
    [Anonymous Symbol]                       0x0800628c   Section        0  tsk_config_and_callback.o(.text.Task10ms_TIM3_Callback)
    [Anonymous Symbol]                       0x08006290   Section        0  tsk_config_and_callback.o(.text.Task1ms_TIM2_Callback)
    [Anonymous Symbol]                       0x080062a0   Section        0  tsk_config_and_callback.o(.text.Task_Init)
    [Anonymous Symbol]                       0x0800632c   Section        0  stm32h5xx_ll_usb.o(.text.USB_DevInit)
    [Anonymous Symbol]                       0x08006384   Section        0  stm32h5xx_ll_usb.o(.text.USB_DisableGlobalInt)
    [Anonymous Symbol]                       0x080063a0   Section        0  stm32h5xx_ll_usb.o(.text.USB_SetCurrentMode)
    [Anonymous Symbol]                       0x080063ec   Section        0  stm32h5xx_it.o(.text.UsageFault_Handler)
    _GLOBAL__sub_I_tsk_config_and_callback.cpp 0x080063f1   Thumb Code     8  tsk_config_and_callback.o(.text._GLOBAL__sub_I_tsk_config_and_callback.cpp)
    [Anonymous Symbol]                       0x080063f0   Section        0  tsk_config_and_callback.o(.text._GLOBAL__sub_I_tsk_config_and_callback.cpp)
    [Anonymous Symbol]                       0x080063f8   Section        0  drv_can.o(.text._Z10FDCAN_InitP19FDCAN_HandleTypeDefPFvP22Struct_FDCAN_Rx_BufferE)
    [Anonymous Symbol]                       0x08006448   Section        0  drv_can.o(.text._Z15FDCAN_Send_DataP19FDCAN_HandleTypeDefjPh18Enum_FDCAN_ID_Typeh)
    [Anonymous Symbol]                       0x080064f0   Section        0  drv_can.o(.text._Z24FDCAN_Filter_Mask_ConfigP19FDCAN_HandleTypeDefhjj)
    [Anonymous Symbol]                       0x080065d8   Section        0  dvc_dwt.o(.text._Z8DWT_Initv)
    [Anonymous Symbol]                       0x08006620   Section        0  drv_spi.o(.text._Z8SPI_InitP19__SPI_HandleTypeDefPFvPhS1_tE)
    [Anonymous Symbol]                       0x080066a0   Section        0  drv_tim.o(.text._Z8TIM_InitP17TIM_HandleTypeDefPFvvE)
    [Anonymous Symbol]                       0x08006714   Section        0  ita_chariot.o(.text._ZN13Class_Chariot37TIM_Communicate_PeriodElapsedCallbackEv)
    [Anonymous Symbol]                       0x0800675c   Section        0  tsk_config_and_callback.o(.text._ZN13Class_ChariotC2Ev)
    [Anonymous Symbol]                       0x080067f0   Section        0  tsk_config_and_callback.o(.text._ZN13Class_MMC5983C2Ev)
    [Anonymous Symbol]                       0x08006804   Section        0  tsk_config_and_callback.o(.text._ZN16Class_LSM6DSV16XC2Ev)
    __NVIC_EnableIRQ                         0x080069e1   Thumb Code    48  stm32h5xx_hal_cortex.o(.text.__NVIC_EnableIRQ)
    [Anonymous Symbol]                       0x080069e0   Section        0  stm32h5xx_hal_cortex.o(.text.__NVIC_EnableIRQ)
    __NVIC_GetPriorityGrouping               0x08006a11   Thumb Code    16  stm32h5xx_hal_cortex.o(.text.__NVIC_GetPriorityGrouping)
    [Anonymous Symbol]                       0x08006a10   Section        0  stm32h5xx_hal_cortex.o(.text.__NVIC_GetPriorityGrouping)
    __NVIC_SetPriority                       0x08006a21   Thumb Code    66  stm32h5xx_hal_cortex.o(.text.__NVIC_SetPriority)
    [Anonymous Symbol]                       0x08006a20   Section        0  stm32h5xx_hal_cortex.o(.text.__NVIC_SetPriority)
    __NVIC_SetPriorityGrouping               0x08006a65   Thumb Code    60  stm32h5xx_hal_cortex.o(.text.__NVIC_SetPriorityGrouping)
    [Anonymous Symbol]                       0x08006a64   Section        0  stm32h5xx_hal_cortex.o(.text.__NVIC_SetPriorityGrouping)
    __cxx_global_var_init                    0x08006aa1   Thumb Code    16  tsk_config_and_callback.o(.text.__cxx_global_var_init)
    [Anonymous Symbol]                       0x08006aa0   Section        0  tsk_config_and_callback.o(.text.__cxx_global_var_init)
    [Anonymous Symbol]                       0x08006ab0   Section        0  main.o(.text.main)
    $v0                                      0x08006af8   Number         0  fpinit.o(x$fpl$fpinit)
    x$fpl$fpinit                             0x08006af8   Section       26  fpinit.o(x$fpl$fpinit)
    DLCtoBytes                               0x08006b22   Data          16  stm32h5xx_hal_fdcan.o(.rodata.DLCtoBytes)
    [Anonymous Symbol]                       0x08006b22   Section        0  stm32h5xx_hal_fdcan.o(.rodata.DLCtoBytes)
    .init_array                              0x08006b58   Section        0  init_aeabi.o(.init_array)
    .bss                                     0x20000010   Section       96  libspace.o(.bss)
    last_cycle_count                         0x200006fc   Data           4  dvc_dwt.o(.bss._ZL16last_cycle_count)
    [Anonymous Symbol]                       0x200006fc   Section        0  dvc_dwt.o(.bss._ZL16last_cycle_count)
    accumulated_cycles                       0x20000700   Data           8  dvc_dwt.o(.bss._ZL18accumulated_cycles)
    [Anonymous Symbol]                       0x20000700   Section        0  dvc_dwt.o(.bss._ZL18accumulated_cycles)
    Heap_Mem                                 0x20000fa0   Data        2048  startup_stm32h503xx.o(HEAP)
    HEAP                                     0x20000fa0   Section     2048  startup_stm32h503xx.o(HEAP)
    Stack_Mem                                0x200017a0   Data        2048  startup_stm32h503xx.o(STACK)
    STACK                                    0x200017a0   Section     2048  startup_stm32h503xx.o(STACK)
    __initial_sp                             0x20001fa0   Data           0  startup_stm32h503xx.o(STACK)

    Global Symbols

    Symbol Name                              Value     Ov Type        Size  Object(Section)

    BuildAttributes$$THM_ISAv4$E$P$D$K$B$S$7EM$8M$VFPi5$EXTD16$VFPS$VFMA$PE$A:L22UL41UL21$X:L11$S22US41US21$IEEE1$IW$~IW$USESV6$~STKCKD$USESV7$~SHL$OTIME$ROPI$IEEEX$EBA8$UX$STANDARDLIB$REQ8$PRES8$EABIv2 0x00000000   Number         0  anon$$obj.o ABSOLUTE
    __ARM_exceptions_init                     - Undefined Weak Reference
    __alloca_initialize                       - Undefined Weak Reference
    __arm_preinit_                            - Undefined Weak Reference
    __arm_relocate_pie_                       - Undefined Weak Reference
    __cxa_finalize                            - Undefined Weak Reference
    __rt_locale                               - Undefined Weak Reference
    __sigvec_lookup                           - Undefined Weak Reference
    __user_heap_extent                        - Undefined Weak Reference
    _atexit_init                              - Undefined Weak Reference
    _call_atexit_fns                          - Undefined Weak Reference
    _clock_init                               - Undefined Weak Reference
    _fp_trap_init                             - Undefined Weak Reference
    _fp_trap_shutdown                         - Undefined Weak Reference
    _get_lc_collate                           - Undefined Weak Reference
    _get_lc_ctype                             - Undefined Weak Reference
    _get_lc_monetary                          - Undefined Weak Reference
    _get_lc_numeric                           - Undefined Weak Reference
    _get_lc_time                              - Undefined Weak Reference
    _getenv_init                              - Undefined Weak Reference
    _handle_redirection                       - Undefined Weak Reference
    _initio                                   - Undefined Weak Reference
    _mutex_acquire                            - Undefined Weak Reference
    _mutex_free                               - Undefined Weak Reference
    _mutex_release                            - Undefined Weak Reference
    _rand_init                                - Undefined Weak Reference
    _signal_finish                            - Undefined Weak Reference
    _signal_init                              - Undefined Weak Reference
    _terminateio                              - Undefined Weak Reference
    __Vectors_Size                           0x00000258   Number         0  startup_stm32h503xx.o ABSOLUTE
    __Vectors                                0x08000000   Data           4  startup_stm32h503xx.o(RESET)
    __Vectors_End                            0x08000258   Data           0  startup_stm32h503xx.o(RESET)
    __main                                   0x08000259   Thumb Code     8  __main.o(!!!main)
    __scatterload                            0x08000261   Thumb Code     0  __scatter.o(!!!scatter)
    __scatterload_rt2                        0x08000261   Thumb Code    84  __scatter.o(!!!scatter)
    __scatterload_rt2_thumb_only             0x08000261   Thumb Code     0  __scatter.o(!!!scatter)
    __scatterload_loop                       0x0800026b   Thumb Code     0  __scatter.o(!!!scatter)
    __scatterload_copy                       0x080002bd   Thumb Code    26  __scatter_copy.o(!!handler_copy)
    __scatterload_null                       0x080002d9   Thumb Code     2  __scatter.o(!!handler_null)
    __scatterload_zeroinit                   0x080002dd   Thumb Code    28  __scatter_zi.o(!!handler_zi)
    __rt_lib_init                            0x080002f9   Thumb Code     0  libinit.o(.ARM.Collect$$libinit$$00000000)
    __rt_lib_init_fp_1                       0x080002fb   Thumb Code     0  libinit2.o(.ARM.Collect$$libinit$$00000001)
    __rt_lib_init_alloca_1                   0x080002ff   Thumb Code     0  libinit2.o(.ARM.Collect$$libinit$$00000030)
    __rt_lib_init_argv_1                     0x080002ff   Thumb Code     0  libinit2.o(.ARM.Collect$$libinit$$0000002E)
    __rt_lib_init_atexit_1                   0x080002ff   Thumb Code     0  libinit2.o(.ARM.Collect$$libinit$$0000001D)
    __rt_lib_init_clock_1                    0x080002ff   Thumb Code     0  libinit2.o(.ARM.Collect$$libinit$$00000023)
    __rt_lib_init_cpp_2                      0x080002ff   Thumb Code     0  libinit2.o(.ARM.Collect$$libinit$$00000033)
    __rt_lib_init_exceptions_1               0x080002ff   Thumb Code     0  libinit2.o(.ARM.Collect$$libinit$$00000032)
    __rt_lib_init_fp_trap_1                  0x080002ff   Thumb Code     0  libinit2.o(.ARM.Collect$$libinit$$00000021)
    __rt_lib_init_getenv_1                   0x080002ff   Thumb Code     0  libinit2.o(.ARM.Collect$$libinit$$00000025)
    __rt_lib_init_heap_1                     0x080002ff   Thumb Code     0  libinit2.o(.ARM.Collect$$libinit$$0000000C)
    __rt_lib_init_lc_collate_1               0x080002ff   Thumb Code     0  libinit2.o(.ARM.Collect$$libinit$$00000013)
    __rt_lib_init_lc_ctype_1                 0x080002ff   Thumb Code     0  libinit2.o(.ARM.Collect$$libinit$$00000015)
    __rt_lib_init_lc_monetary_1              0x080002ff   Thumb Code     0  libinit2.o(.ARM.Collect$$libinit$$00000017)
    __rt_lib_init_lc_numeric_1               0x080002ff   Thumb Code     0  libinit2.o(.ARM.Collect$$libinit$$00000019)
    __rt_lib_init_lc_time_1                  0x080002ff   Thumb Code     0  libinit2.o(.ARM.Collect$$libinit$$0000001B)
    __rt_lib_init_preinit_1                  0x080002ff   Thumb Code     0  libinit2.o(.ARM.Collect$$libinit$$00000006)
    __rt_lib_init_rand_1                     0x080002ff   Thumb Code     0  libinit2.o(.ARM.Collect$$libinit$$00000010)
    __rt_lib_init_relocate_pie_1             0x080002ff   Thumb Code     0  libinit2.o(.ARM.Collect$$libinit$$00000004)
    __rt_lib_init_signal_1                   0x080002ff   Thumb Code     0  libinit2.o(.ARM.Collect$$libinit$$0000001F)
    __rt_lib_init_stdio_1                    0x080002ff   Thumb Code     0  libinit2.o(.ARM.Collect$$libinit$$00000027)
    __rt_lib_init_user_alloc_1               0x080002ff   Thumb Code     0  libinit2.o(.ARM.Collect$$libinit$$0000000E)
    __rt_lib_init_cpp_1                      0x08000303   Thumb Code     0  libinit2.o(.ARM.Collect$$libinit$$00000034)
    __rt_lib_init_return                     0x08000303   Thumb Code     0  libinit2.o(.ARM.Collect$$libinit$$00000035)
    __rt_lib_shutdown                        0x08000305   Thumb Code     0  libshutdown.o(.ARM.Collect$$libshutdown$$00000000)
    __rt_lib_shutdown_cpp_1                  0x08000307   Thumb Code     0  libshutdown2.o(.ARM.Collect$$libshutdown$$00000002)
    __rt_lib_shutdown_fp_trap_1              0x08000307   Thumb Code     0  libshutdown2.o(.ARM.Collect$$libshutdown$$00000007)
    __rt_lib_shutdown_heap_1                 0x08000307   Thumb Code     0  libshutdown2.o(.ARM.Collect$$libshutdown$$0000000F)
    __rt_lib_shutdown_return                 0x08000307   Thumb Code     0  libshutdown2.o(.ARM.Collect$$libshutdown$$00000010)
    __rt_lib_shutdown_signal_1               0x08000307   Thumb Code     0  libshutdown2.o(.ARM.Collect$$libshutdown$$0000000A)
    __rt_lib_shutdown_stdio_1                0x08000307   Thumb Code     0  libshutdown2.o(.ARM.Collect$$libshutdown$$00000004)
    __rt_lib_shutdown_user_alloc_1           0x08000307   Thumb Code     0  libshutdown2.o(.ARM.Collect$$libshutdown$$0000000C)
    __rt_entry                               0x08000309   Thumb Code     0  __rtentry.o(.ARM.Collect$$rtentry$$00000000)
    __rt_entry_presh_1                       0x08000309   Thumb Code     0  __rtentry2.o(.ARM.Collect$$rtentry$$00000002)
    __rt_entry_sh                            0x08000309   Thumb Code     0  __rtentry4.o(.ARM.Collect$$rtentry$$00000004)
    __rt_entry_li                            0x0800030f   Thumb Code     0  __rtentry2.o(.ARM.Collect$$rtentry$$0000000A)
    __rt_entry_postsh_1                      0x0800030f   Thumb Code     0  __rtentry2.o(.ARM.Collect$$rtentry$$00000009)
    __rt_entry_main                          0x08000313   Thumb Code     0  __rtentry2.o(.ARM.Collect$$rtentry$$0000000D)
    __rt_entry_postli_1                      0x08000313   Thumb Code     0  __rtentry2.o(.ARM.Collect$$rtentry$$0000000C)
    __rt_exit                                0x0800031b   Thumb Code     0  rtexit.o(.ARM.Collect$$rtexit$$00000000)
    __rt_exit_ls                             0x0800031d   Thumb Code     0  rtexit2.o(.ARM.Collect$$rtexit$$00000003)
    __rt_exit_prels_1                        0x0800031d   Thumb Code     0  rtexit2.o(.ARM.Collect$$rtexit$$00000002)
    __rt_exit_exit                           0x08000321   Thumb Code     0  rtexit2.o(.ARM.Collect$$rtexit$$00000004)
    Reset_Handler                            0x08000329   Thumb Code     8  startup_stm32h503xx.o(.text)
    SecureFault_Handler                      0x0800033b   Thumb Code     2  startup_stm32h503xx.o(.text)
    ADC1_IRQHandler                          0x08000345   Thumb Code     0  startup_stm32h503xx.o(.text)
    COMP1_IRQHandler                         0x08000345   Thumb Code     0  startup_stm32h503xx.o(.text)
    CRS_IRQHandler                           0x08000345   Thumb Code     0  startup_stm32h503xx.o(.text)
    DAC1_IRQHandler                          0x08000345   Thumb Code     0  startup_stm32h503xx.o(.text)
    DTS_IRQHandler                           0x08000345   Thumb Code     0  startup_stm32h503xx.o(.text)
    EXTI0_IRQHandler                         0x08000345   Thumb Code     0  startup_stm32h503xx.o(.text)
    EXTI10_IRQHandler                        0x08000345   Thumb Code     0  startup_stm32h503xx.o(.text)
    EXTI11_IRQHandler                        0x08000345   Thumb Code     0  startup_stm32h503xx.o(.text)
    EXTI12_IRQHandler                        0x08000345   Thumb Code     0  startup_stm32h503xx.o(.text)
    EXTI13_IRQHandler                        0x08000345   Thumb Code     0  startup_stm32h503xx.o(.text)
    EXTI14_IRQHandler                        0x08000345   Thumb Code     0  startup_stm32h503xx.o(.text)
    EXTI15_IRQHandler                        0x08000345   Thumb Code     0  startup_stm32h503xx.o(.text)
    EXTI1_IRQHandler                         0x08000345   Thumb Code     0  startup_stm32h503xx.o(.text)
    EXTI2_IRQHandler                         0x08000345   Thumb Code     0  startup_stm32h503xx.o(.text)
    EXTI3_IRQHandler                         0x08000345   Thumb Code     0  startup_stm32h503xx.o(.text)
    EXTI4_IRQHandler                         0x08000345   Thumb Code     0  startup_stm32h503xx.o(.text)
    EXTI5_IRQHandler                         0x08000345   Thumb Code     0  startup_stm32h503xx.o(.text)
    EXTI6_IRQHandler                         0x08000345   Thumb Code     0  startup_stm32h503xx.o(.text)
    EXTI7_IRQHandler                         0x08000345   Thumb Code     0  startup_stm32h503xx.o(.text)
    EXTI8_IRQHandler                         0x08000345   Thumb Code     0  startup_stm32h503xx.o(.text)
    EXTI9_IRQHandler                         0x08000345   Thumb Code     0  startup_stm32h503xx.o(.text)
    FLASH_IRQHandler                         0x08000345   Thumb Code     0  startup_stm32h503xx.o(.text)
    FPU_IRQHandler                           0x08000345   Thumb Code     0  startup_stm32h503xx.o(.text)
    GPDMA1_Channel0_IRQHandler               0x08000345   Thumb Code     0  startup_stm32h503xx.o(.text)
    GPDMA1_Channel1_IRQHandler               0x08000345   Thumb Code     0  startup_stm32h503xx.o(.text)
    GPDMA1_Channel2_IRQHandler               0x08000345   Thumb Code     0  startup_stm32h503xx.o(.text)
    GPDMA1_Channel3_IRQHandler               0x08000345   Thumb Code     0  startup_stm32h503xx.o(.text)
    GPDMA1_Channel4_IRQHandler               0x08000345   Thumb Code     0  startup_stm32h503xx.o(.text)
    GPDMA1_Channel5_IRQHandler               0x08000345   Thumb Code     0  startup_stm32h503xx.o(.text)
    GPDMA1_Channel6_IRQHandler               0x08000345   Thumb Code     0  startup_stm32h503xx.o(.text)
    GPDMA1_Channel7_IRQHandler               0x08000345   Thumb Code     0  startup_stm32h503xx.o(.text)
    GPDMA2_Channel0_IRQHandler               0x08000345   Thumb Code     0  startup_stm32h503xx.o(.text)
    GPDMA2_Channel1_IRQHandler               0x08000345   Thumb Code     0  startup_stm32h503xx.o(.text)
    GPDMA2_Channel2_IRQHandler               0x08000345   Thumb Code     0  startup_stm32h503xx.o(.text)
    GPDMA2_Channel3_IRQHandler               0x08000345   Thumb Code     0  startup_stm32h503xx.o(.text)
    GPDMA2_Channel4_IRQHandler               0x08000345   Thumb Code     0  startup_stm32h503xx.o(.text)
    GPDMA2_Channel5_IRQHandler               0x08000345   Thumb Code     0  startup_stm32h503xx.o(.text)
    GPDMA2_Channel6_IRQHandler               0x08000345   Thumb Code     0  startup_stm32h503xx.o(.text)
    GPDMA2_Channel7_IRQHandler               0x08000345   Thumb Code     0  startup_stm32h503xx.o(.text)
    GTZC_IRQHandler                          0x08000345   Thumb Code     0  startup_stm32h503xx.o(.text)
    HASH_IRQHandler                          0x08000345   Thumb Code     0  startup_stm32h503xx.o(.text)
    I2C2_ER_IRQHandler                       0x08000345   Thumb Code     0  startup_stm32h503xx.o(.text)
    I2C2_EV_IRQHandler                       0x08000345   Thumb Code     0  startup_stm32h503xx.o(.text)
    I3C1_ER_IRQHandler                       0x08000345   Thumb Code     0  startup_stm32h503xx.o(.text)
    I3C1_EV_IRQHandler                       0x08000345   Thumb Code     0  startup_stm32h503xx.o(.text)
    I3C2_ER_IRQHandler                       0x08000345   Thumb Code     0  startup_stm32h503xx.o(.text)
    I3C2_EV_IRQHandler                       0x08000345   Thumb Code     0  startup_stm32h503xx.o(.text)
    ICACHE_IRQHandler                        0x08000345   Thumb Code     0  startup_stm32h503xx.o(.text)
    IWDG_IRQHandler                          0x08000345   Thumb Code     0  startup_stm32h503xx.o(.text)
    LPTIM1_IRQHandler                        0x08000345   Thumb Code     0  startup_stm32h503xx.o(.text)
    LPTIM2_IRQHandler                        0x08000345   Thumb Code     0  startup_stm32h503xx.o(.text)
    LPUART1_IRQHandler                       0x08000345   Thumb Code     0  startup_stm32h503xx.o(.text)
    PVD_AVD_IRQHandler                       0x08000345   Thumb Code     0  startup_stm32h503xx.o(.text)
    RAMCFG_IRQHandler                        0x08000345   Thumb Code     0  startup_stm32h503xx.o(.text)
    RCC_IRQHandler                           0x08000345   Thumb Code     0  startup_stm32h503xx.o(.text)
    RNG_IRQHandler                           0x08000345   Thumb Code     0  startup_stm32h503xx.o(.text)
    RTC_IRQHandler                           0x08000345   Thumb Code     0  startup_stm32h503xx.o(.text)
    SPI1_IRQHandler                          0x08000345   Thumb Code     0  startup_stm32h503xx.o(.text)
    SPI2_IRQHandler                          0x08000345   Thumb Code     0  startup_stm32h503xx.o(.text)
    SPI3_IRQHandler                          0x08000345   Thumb Code     0  startup_stm32h503xx.o(.text)
    TAMP_IRQHandler                          0x08000345   Thumb Code     0  startup_stm32h503xx.o(.text)
    TIM1_BRK_IRQHandler                      0x08000345   Thumb Code     0  startup_stm32h503xx.o(.text)
    TIM1_CC_IRQHandler                       0x08000345   Thumb Code     0  startup_stm32h503xx.o(.text)
    TIM1_TRG_COM_IRQHandler                  0x08000345   Thumb Code     0  startup_stm32h503xx.o(.text)
    TIM1_UP_IRQHandler                       0x08000345   Thumb Code     0  startup_stm32h503xx.o(.text)
    TIM6_IRQHandler                          0x08000345   Thumb Code     0  startup_stm32h503xx.o(.text)
    TIM7_IRQHandler                          0x08000345   Thumb Code     0  startup_stm32h503xx.o(.text)
    USART1_IRQHandler                        0x08000345   Thumb Code     0  startup_stm32h503xx.o(.text)
    USART2_IRQHandler                        0x08000345   Thumb Code     0  startup_stm32h503xx.o(.text)
    USART3_IRQHandler                        0x08000345   Thumb Code     0  startup_stm32h503xx.o(.text)
    USB_DRD_FS_IRQHandler                    0x08000345   Thumb Code     0  startup_stm32h503xx.o(.text)
    WWDG_IRQHandler                          0x08000345   Thumb Code     0  startup_stm32h503xx.o(.text)
    __user_initial_stackheap                 0x08000349   Thumb Code    10  startup_stm32h503xx.o(.text)
    __aeabi_memclr4                          0x0800036d   Thumb Code     0  rt_memclr_w.o(.text)
    __aeabi_memclr8                          0x0800036d   Thumb Code     0  rt_memclr_w.o(.text)
    __rt_memclr_w                            0x0800036d   Thumb Code     0  rt_memclr_w.o(.text)
    _memset_w                                0x08000371   Thumb Code    74  rt_memclr_w.o(.text)
    __use_two_region_memory                  0x080003bb   Thumb Code     2  heapauxi.o(.text)
    __rt_heap_escrow                         0x080003bd   Thumb Code     2  heapauxi.o(.text)
    __rt_heap_expand                         0x080003bf   Thumb Code     2  heapauxi.o(.text)
    __cpp_initialize__aeabi_                 0x080003c1   Thumb Code    36  init_aeabi.o(.text)
    __user_libspace                          0x080003ed   Thumb Code     8  libspace.o(.text)
    __user_perproc_libspace                  0x080003ed   Thumb Code     0  libspace.o(.text)
    __user_perthread_libspace                0x080003ed   Thumb Code     0  libspace.o(.text)
    __I$use$semihosting                      0x080003f5   Thumb Code     0  use_no_semi.o(.text)
    __use_no_semihosting_swi                 0x080003f5   Thumb Code     2  use_no_semi.o(.text)
    __semihosting_library_function           0x080003f7   Thumb Code     0  indicate_semi.o(.text)
    __user_setup_stackheap                   0x080003f7   Thumb Code    74  sys_stackheap_outer.o(.text)
    exit                                     0x08000441   Thumb Code    18  exit.o(.text)
    _sys_exit                                0x08000455   Thumb Code     8  sys_exit.o(.text)
    BusFault_Handler                         0x08000461   Thumb Code     4  stm32h5xx_it.o(.text.BusFault_Handler)
    DebugMon_Handler                         0x08000465   Thumb Code     2  stm32h5xx_it.o(.text.DebugMon_Handler)
    Error_Handler                            0x08000469   Thumb Code     6  main.o(.text.Error_Handler)
    FDCAN1_IT0_IRQHandler                    0x08000471   Thumb Code    16  stm32h5xx_it.o(.text.FDCAN1_IT0_IRQHandler)
    FDCAN1_IT1_IRQHandler                    0x08000481   Thumb Code    16  stm32h5xx_it.o(.text.FDCAN1_IT1_IRQHandler)
    HAL_DMAEx_GetFifoLevel                   0x080005e9   Thumb Code    18  stm32h5xx_hal_dma_ex.o(.text.HAL_DMAEx_GetFifoLevel)
    HAL_DMA_Abort_IT                         0x080005fd   Thumb Code    84  stm32h5xx_hal_dma.o(.text.HAL_DMA_Abort_IT)
    HAL_DMA_GetState                         0x08000651   Thumb Code    14  stm32h5xx_hal_dma.o(.text.HAL_DMA_GetState)
    HAL_FDCAN_ActivateNotification           0x08000661   Thumb Code   522  stm32h5xx_hal_fdcan.o(.text.HAL_FDCAN_ActivateNotification)
    HAL_FDCAN_AddMessageToTxFifoQ            0x0800086d   Thumb Code   154  stm32h5xx_hal_fdcan.o(.text.HAL_FDCAN_AddMessageToTxFifoQ)
    HAL_FDCAN_ConfigFilter                   0x08000909   Thumb Code   182  stm32h5xx_hal_fdcan.o(.text.HAL_FDCAN_ConfigFilter)
    HAL_FDCAN_ConfigGlobalFilter             0x080009c1   Thumb Code   102  stm32h5xx_hal_fdcan.o(.text.HAL_FDCAN_ConfigGlobalFilter)
    HAL_FDCAN_ErrorCallback                  0x08000a29   Thumb Code     8  stm32h5xx_hal_fdcan.o(.text.HAL_FDCAN_ErrorCallback)
    HAL_FDCAN_ErrorStatusCallback            0x08000a31   Thumb Code    10  stm32h5xx_hal_fdcan.o(.text.HAL_FDCAN_ErrorStatusCallback)
    HAL_FDCAN_GetRxMessage                   0x08000a3d   Thumb Code   560  stm32h5xx_hal_fdcan.o(.text.HAL_FDCAN_GetRxMessage)
    HAL_FDCAN_HighPriorityMessageCallback    0x08000c6d   Thumb Code     8  stm32h5xx_hal_fdcan.o(.text.HAL_FDCAN_HighPriorityMessageCallback)
    HAL_FDCAN_IRQHandler                     0x08000c75   Thumb Code   696  stm32h5xx_hal_fdcan.o(.text.HAL_FDCAN_IRQHandler)
    HAL_FDCAN_Init                           0x08000f2d   Thumb Code   716  stm32h5xx_hal_fdcan.o(.text.HAL_FDCAN_Init)
    HAL_FDCAN_MspInit                        0x080011f9   Thumb Code   210  fdcan.o(.text.HAL_FDCAN_MspInit)
    HAL_FDCAN_RxFifo0Callback                0x080012cd   Thumb Code    80  drv_can.o(.text.HAL_FDCAN_RxFifo0Callback)
    HAL_FDCAN_RxFifo1Callback                0x0800131d   Thumb Code    80  drv_can.o(.text.HAL_FDCAN_RxFifo1Callback)
    HAL_FDCAN_Start                          0x0800136d   Thumb Code    74  stm32h5xx_hal_fdcan.o(.text.HAL_FDCAN_Start)
    HAL_FDCAN_TimeoutOccurredCallback        0x080013b9   Thumb Code     8  stm32h5xx_hal_fdcan.o(.text.HAL_FDCAN_TimeoutOccurredCallback)
    HAL_FDCAN_TimestampWraparoundCallback    0x080013c1   Thumb Code     8  stm32h5xx_hal_fdcan.o(.text.HAL_FDCAN_TimestampWraparoundCallback)
    HAL_FDCAN_TxBufferAbortCallback          0x080013c9   Thumb Code    10  stm32h5xx_hal_fdcan.o(.text.HAL_FDCAN_TxBufferAbortCallback)
    HAL_FDCAN_TxBufferCompleteCallback       0x080013d5   Thumb Code    10  stm32h5xx_hal_fdcan.o(.text.HAL_FDCAN_TxBufferCompleteCallback)
    HAL_FDCAN_TxEventFifoCallback            0x080013e1   Thumb Code    10  stm32h5xx_hal_fdcan.o(.text.HAL_FDCAN_TxEventFifoCallback)
    HAL_FDCAN_TxFifoEmptyCallback            0x080013ed   Thumb Code     8  stm32h5xx_hal_fdcan.o(.text.HAL_FDCAN_TxFifoEmptyCallback)
    HAL_GPIO_Init                            0x080013f5   Thumb Code   718  stm32h5xx_hal_gpio.o(.text.HAL_GPIO_Init)
    HAL_GPIO_WritePin                        0x080016c5   Thumb Code    44  stm32h5xx_hal_gpio.o(.text.HAL_GPIO_WritePin)
    HAL_GetTick                              0x080016f1   Thumb Code    12  stm32h5xx_hal.o(.text.HAL_GetTick)
    HAL_I2CEx_ConfigAnalogFilter             0x080016fd   Thumb Code   152  stm32h5xx_hal_i2c_ex.o(.text.HAL_I2CEx_ConfigAnalogFilter)
    HAL_I2CEx_ConfigDigitalFilter            0x08001795   Thumb Code   162  stm32h5xx_hal_i2c_ex.o(.text.HAL_I2CEx_ConfigDigitalFilter)
    HAL_I2C_AbortCpltCallback                0x08001839   Thumb Code     8  stm32h5xx_hal_i2c.o(.text.HAL_I2C_AbortCpltCallback)
    HAL_I2C_AddrCallback                     0x08001841   Thumb Code    16  stm32h5xx_hal_i2c.o(.text.HAL_I2C_AddrCallback)
    HAL_I2C_ER_IRQHandler                    0x08001851   Thumb Code   208  stm32h5xx_hal_i2c.o(.text.HAL_I2C_ER_IRQHandler)
    HAL_I2C_EV_IRQHandler                    0x08001921   Thumb Code    46  stm32h5xx_hal_i2c.o(.text.HAL_I2C_EV_IRQHandler)
    HAL_I2C_ErrorCallback                    0x08001951   Thumb Code     8  stm32h5xx_hal_i2c.o(.text.HAL_I2C_ErrorCallback)
    HAL_I2C_Init                             0x08001959   Thumb Code   276  stm32h5xx_hal_i2c.o(.text.HAL_I2C_Init)
    HAL_I2C_ListenCpltCallback               0x08001a6d   Thumb Code     8  stm32h5xx_hal_i2c.o(.text.HAL_I2C_ListenCpltCallback)
    HAL_I2C_MspInit                          0x08001a75   Thumb Code   352  i2c.o(.text.HAL_I2C_MspInit)
    HAL_I2C_SlaveRxCpltCallback              0x08001bd5   Thumb Code     8  stm32h5xx_hal_i2c.o(.text.HAL_I2C_SlaveRxCpltCallback)
    HAL_I2C_SlaveTxCpltCallback              0x08001bdd   Thumb Code     8  stm32h5xx_hal_i2c.o(.text.HAL_I2C_SlaveTxCpltCallback)
    HAL_ICACHE_Enable                        0x08001be5   Thumb Code    20  stm32h5xx_hal_icache.o(.text.HAL_ICACHE_Enable)
    HAL_IncTick                              0x08001bf9   Thumb Code    26  stm32h5xx_hal.o(.text.HAL_IncTick)
    HAL_Init                                 0x08001c15   Thumb Code    94  stm32h5xx_hal.o(.text.HAL_Init)
    HAL_InitTick                             0x08001c75   Thumb Code   276  stm32h5xx_hal.o(.text.HAL_InitTick)
    HAL_MspInit                              0x08001d89   Thumb Code     2  stm32h5xx_hal_msp.o(.text.HAL_MspInit)
    HAL_NVIC_EnableIRQ                       0x08001d8d   Thumb Code    20  stm32h5xx_hal_cortex.o(.text.HAL_NVIC_EnableIRQ)
    HAL_NVIC_SetPriority                     0x08001da1   Thumb Code    46  stm32h5xx_hal_cortex.o(.text.HAL_NVIC_SetPriority)
    HAL_NVIC_SetPriorityGrouping             0x08001dd1   Thumb Code    16  stm32h5xx_hal_cortex.o(.text.HAL_NVIC_SetPriorityGrouping)
    HAL_PCDEx_ActivateLPM                    0x08001de1   Thumb Code    50  stm32h5xx_hal_pcd_ex.o(.text.HAL_PCDEx_ActivateLPM)
    HAL_PCD_Init                             0x08001e15   Thumb Code   434  stm32h5xx_hal_pcd.o(.text.HAL_PCD_Init)
    HAL_PCD_MspInit                          0x08001fc9   Thumb Code    96  usb.o(.text.HAL_PCD_MspInit)
    HAL_RCCEx_PeriphCLKConfig                0x08002029   Thumb Code  2714  stm32h5xx_hal_rcc_ex.o(.text.HAL_RCCEx_PeriphCLKConfig)
    HAL_RCC_ClockConfig                      0x08002ac5   Thumb Code  1172  stm32h5xx_hal_rcc.o(.text.HAL_RCC_ClockConfig)
    HAL_RCC_GetHCLKFreq                      0x08002f59   Thumb Code    52  stm32h5xx_hal_rcc.o(.text.HAL_RCC_GetHCLKFreq)
    HAL_RCC_GetSysClockFreq                  0x08002f8d   Thumb Code   700  stm32h5xx_hal_rcc.o(.text.HAL_RCC_GetSysClockFreq)
    HAL_RCC_OscConfig                        0x08003259   Thumb Code  2556  stm32h5xx_hal_rcc.o(.text.HAL_RCC_OscConfig)
    HAL_SPI_Init                             0x08003c55   Thumb Code   550  stm32h5xx_hal_spi.o(.text.HAL_SPI_Init)
    HAL_SPI_MspInit                          0x08003e7d   Thumb Code   492  spi.o(.text.HAL_SPI_MspInit)
    HAL_SYSTICK_CLKSourceConfig              0x08004069   Thumb Code   154  stm32h5xx_hal_cortex.o(.text.HAL_SYSTICK_CLKSourceConfig)
    HAL_SYSTICK_Config                       0x08004105   Thumb Code    74  stm32h5xx_hal_cortex.o(.text.HAL_SYSTICK_Config)
    HAL_SYSTICK_GetCLKSourceConfig           0x08004151   Thumb Code    98  stm32h5xx_hal_cortex.o(.text.HAL_SYSTICK_GetCLKSourceConfig)
    HAL_TIMEx_Break2Callback                 0x080041b5   Thumb Code     8  stm32h5xx_hal_tim_ex.o(.text.HAL_TIMEx_Break2Callback)
    HAL_TIMEx_BreakCallback                  0x080041bd   Thumb Code     8  stm32h5xx_hal_tim_ex.o(.text.HAL_TIMEx_BreakCallback)
    HAL_TIMEx_CommutCallback                 0x080041c5   Thumb Code     8  stm32h5xx_hal_tim_ex.o(.text.HAL_TIMEx_CommutCallback)
    HAL_TIMEx_DirectionChangeCallback        0x080041cd   Thumb Code     8  stm32h5xx_hal_tim_ex.o(.text.HAL_TIMEx_DirectionChangeCallback)
    HAL_TIMEx_EncoderIndexCallback           0x080041d5   Thumb Code     8  stm32h5xx_hal_tim_ex.o(.text.HAL_TIMEx_EncoderIndexCallback)
    HAL_TIMEx_IndexErrorCallback             0x080041dd   Thumb Code     8  stm32h5xx_hal_tim_ex.o(.text.HAL_TIMEx_IndexErrorCallback)
    HAL_TIMEx_MasterConfigSynchronization    0x080041e5   Thumb Code   246  stm32h5xx_hal_tim_ex.o(.text.HAL_TIMEx_MasterConfigSynchronization)
    HAL_TIMEx_TransitionErrorCallback        0x080042dd   Thumb Code     8  stm32h5xx_hal_tim_ex.o(.text.HAL_TIMEx_TransitionErrorCallback)
    HAL_TIM_Base_Init                        0x080042e5   Thumb Code   168  stm32h5xx_hal_tim.o(.text.HAL_TIM_Base_Init)
    HAL_TIM_Base_MspInit                     0x0800438d   Thumb Code   268  tim.o(.text.HAL_TIM_Base_MspInit)
    HAL_TIM_Base_Start_IT                    0x08004499   Thumb Code   172  stm32h5xx_hal_tim.o(.text.HAL_TIM_Base_Start_IT)
    HAL_TIM_ConfigClockSource                0x08004545   Thumb Code   520  stm32h5xx_hal_tim.o(.text.HAL_TIM_ConfigClockSource)
    HAL_TIM_IC_CaptureCallback               0x0800474d   Thumb Code     8  stm32h5xx_hal_tim.o(.text.HAL_TIM_IC_CaptureCallback)
    HAL_TIM_IRQHandler                       0x08004755   Thumb Code   768  stm32h5xx_hal_tim.o(.text.HAL_TIM_IRQHandler)
    HAL_TIM_OC_DelayElapsedCallback          0x08004a55   Thumb Code     8  stm32h5xx_hal_tim.o(.text.HAL_TIM_OC_DelayElapsedCallback)
    HAL_TIM_PWM_PulseFinishedCallback        0x08004a5d   Thumb Code     8  stm32h5xx_hal_tim.o(.text.HAL_TIM_PWM_PulseFinishedCallback)
    HAL_TIM_PeriodElapsedCallback            0x08004a65   Thumb Code   170  drv_tim.o(.text.HAL_TIM_PeriodElapsedCallback)
    HAL_TIM_TriggerCallback                  0x08004b11   Thumb Code     8  stm32h5xx_hal_tim.o(.text.HAL_TIM_TriggerCallback)
    HardFault_Handler                        0x08004b19   Thumb Code     4  stm32h5xx_it.o(.text.HardFault_Handler)
    I2C1_ER_IRQHandler                       0x08004b1d   Thumb Code    16  stm32h5xx_it.o(.text.I2C1_ER_IRQHandler)
    I2C1_EV_IRQHandler                       0x08004b2d   Thumb Code    16  stm32h5xx_it.o(.text.I2C1_EV_IRQHandler)
    MX_FDCAN1_Init                           0x080056cd   Thumb Code    96  fdcan.o(.text.MX_FDCAN1_Init)
    MX_GPIO_Init                             0x0800572d   Thumb Code   286  gpio.o(.text.MX_GPIO_Init)
    MX_I2C1_Init                             0x0800584d   Thumb Code   118  i2c.o(.text.MX_I2C1_Init)
    MX_I2C2_Init                             0x080058c5   Thumb Code   118  i2c.o(.text.MX_I2C2_Init)
    MX_ICACHE_Init                           0x0800593d   Thumb Code    18  icache.o(.text.MX_ICACHE_Init)
    MX_SPI1_Init                             0x08005951   Thumb Code   110  spi.o(.text.MX_SPI1_Init)
    MX_SPI2_Init                             0x080059c1   Thumb Code   110  spi.o(.text.MX_SPI2_Init)
    MX_SPI3_Init                             0x08005a31   Thumb Code   110  spi.o(.text.MX_SPI3_Init)
    MX_TIM1_Init                             0x08005aa1   Thumb Code   138  tim.o(.text.MX_TIM1_Init)
    MX_TIM2_Init                             0x08005b2d   Thumb Code   130  tim.o(.text.MX_TIM2_Init)
    MX_TIM3_Init                             0x08005bb1   Thumb Code   134  tim.o(.text.MX_TIM3_Init)
    MX_USB_PCD_Init                          0x08005c39   Thumb Code    68  usb.o(.text.MX_USB_PCD_Init)
    MemManage_Handler                        0x08005c7d   Thumb Code     4  stm32h5xx_it.o(.text.MemManage_Handler)
    NMI_Handler                              0x08005c81   Thumb Code     4  stm32h5xx_it.o(.text.NMI_Handler)
    PendSV_Handler                           0x08005cf1   Thumb Code     2  stm32h5xx_it.o(.text.PendSV_Handler)
    SVC_Handler                              0x08005e8d   Thumb Code     2  stm32h5xx_it.o(.text.SVC_Handler)
    SysTick_Handler                          0x08005e91   Thumb Code     8  stm32h5xx_it.o(.text.SysTick_Handler)
    SystemClock_Config                       0x08005e99   Thumb Code   202  main.o(.text.SystemClock_Config)
    SystemInit                               0x08005f65   Thumb Code   278  system_stm32h5xx.o(.text.SystemInit)
    TIM2_IRQHandler                          0x0800607d   Thumb Code    16  stm32h5xx_it.o(.text.TIM2_IRQHandler)
    TIM3_IRQHandler                          0x0800608d   Thumb Code    16  stm32h5xx_it.o(.text.TIM3_IRQHandler)
    TIM_Base_SetConfig                       0x0800609d   Thumb Code   230  stm32h5xx_hal_tim.o(.text.TIM_Base_SetConfig)
    TIM_ETR_SetConfig                        0x08006185   Thumb Code    52  stm32h5xx_hal_tim.o(.text.TIM_ETR_SetConfig)
    Task10ms_TIM3_Callback                   0x0800628d   Thumb Code     2  tsk_config_and_callback.o(.text.Task10ms_TIM3_Callback)
    Task1ms_TIM2_Callback                    0x08006291   Thumb Code    16  tsk_config_and_callback.o(.text.Task1ms_TIM2_Callback)
    Task_Init                                0x080062a1   Thumb Code   138  tsk_config_and_callback.o(.text.Task_Init)
    USB_DevInit                              0x0800632d   Thumb Code    86  stm32h5xx_ll_usb.o(.text.USB_DevInit)
    USB_DisableGlobalInt                     0x08006385   Thumb Code    26  stm32h5xx_ll_usb.o(.text.USB_DisableGlobalInt)
    USB_SetCurrentMode                       0x080063a1   Thumb Code    76  stm32h5xx_ll_usb.o(.text.USB_SetCurrentMode)
    UsageFault_Handler                       0x080063ed   Thumb Code     4  stm32h5xx_it.o(.text.UsageFault_Handler)
    FDCAN_Init(FDCAN_HandleTypeDef*, void (*)(Struct_FDCAN_Rx_Buffer*)) 0x080063f9   Thumb Code    80  drv_can.o(.text._Z10FDCAN_InitP19FDCAN_HandleTypeDefPFvP22Struct_FDCAN_Rx_BufferE)
    FDCAN_Send_Data(FDCAN_HandleTypeDef*, unsigned int, unsigned char*, Enum_FDCAN_ID_Type, unsigned char) 0x08006449   Thumb Code   168  drv_can.o(.text._Z15FDCAN_Send_DataP19FDCAN_HandleTypeDefjPh18Enum_FDCAN_ID_Typeh)
    FDCAN_Filter_Mask_Config(FDCAN_HandleTypeDef*, unsigned char, unsigned int, unsigned int) 0x080064f1   Thumb Code   232  drv_can.o(.text._Z24FDCAN_Filter_Mask_ConfigP19FDCAN_HandleTypeDefhjj)
    DWT_Init()                               0x080065d9   Thumb Code    70  dvc_dwt.o(.text._Z8DWT_Initv)
    SPI_Init(__SPI_HandleTypeDef*, void (*)(unsigned char*, unsigned char*, unsigned short)) 0x08006621   Thumb Code   128  drv_spi.o(.text._Z8SPI_InitP19__SPI_HandleTypeDefPFvPhS1_tE)
    TIM_Init(TIM_HandleTypeDef*, void (*)()) 0x080066a1   Thumb Code   116  drv_tim.o(.text._Z8TIM_InitP17TIM_HandleTypeDefPFvvE)
    Class_Chariot::TIM_Communicate_PeriodElapsedCallback() 0x08006715   Thumb Code    72  ita_chariot.o(.text._ZN13Class_Chariot37TIM_Communicate_PeriodElapsedCallbackEv)
    Class_Chariot::Class_Chariot__sub_object() 0x0800675d   Thumb Code   148  tsk_config_and_callback.o(.text._ZN13Class_ChariotC2Ev)
    Class_MMC5983::Class_MMC5983__sub_object() 0x080067f1   Thumb Code    18  tsk_config_and_callback.o(.text._ZN13Class_MMC5983C2Ev)
    Class_LSM6DSV16X::Class_LSM6DSV16X__sub_object() 0x08006805   Thumb Code   476  tsk_config_and_callback.o(.text._ZN16Class_LSM6DSV16XC2Ev)
    main                                     0x08006ab1   Thumb Code    72  main.o(.text.main)
    _fp_init                                 0x08006af9   Thumb Code    26  fpinit.o(x$fpl$fpinit)
    __fplib_config_fpu_vfp                   0x08006b11   Thumb Code     0  fpinit.o(x$fpl$fpinit)
    __fplib_config_pureend_doubles           0x08006b11   Thumb Code     0  fpinit.o(x$fpl$fpinit)
    AHBPrescTable                            0x08006b12   Data          16  system_stm32h5xx.o(.rodata.AHBPrescTable)
    Region$$Table$$Base                      0x08006b34   Number         0  anon$$obj.o(Region$$Table)
    Region$$Table$$Limit                     0x08006b54   Number         0  anon$$obj.o(Region$$Table)
    SHT$$INIT_ARRAY$$Base                    0x08006b54   Number         0  tsk_config_and_callback.o(.init_array)
    SHT$$INIT_ARRAY$$Limit                   0x08006b58   Number         0  init_aeabi.o(.init_array)
    SystemCoreClock                          0x20000000   Data           4  system_stm32h5xx.o(.data.SystemCoreClock)
    uwTickFreq                               0x20000004   Data           1  stm32h5xx_hal.o(.data.uwTickFreq)
    uwTickPrio                               0x20000008   Data           4  stm32h5xx_hal.o(.data.uwTickPrio)
    __libspace_start                         0x20000010   Data          96  libspace.o(.bss)
    FDCAN1_Manage_Object                     0x20000070   Data          56  drv_can.o(.bss.FDCAN1_Manage_Object)
    __temporary_stack_top$libspace           0x20000070   Data           0  libspace.o(.bss)
    SPI1_Manage_Object                       0x200000a8   Data         532  drv_spi.o(.bss.SPI1_Manage_Object)
    SPI2_Manage_Object                       0x200002bc   Data         532  drv_spi.o(.bss.SPI2_Manage_Object)
    SPI3_Manage_Object                       0x200004d0   Data         532  drv_spi.o(.bss.SPI3_Manage_Object)
    TIM1_Manage_Object                       0x200006e4   Data           8  drv_tim.o(.bss.TIM1_Manage_Object)
    TIM2_Manage_Object                       0x200006ec   Data           8  drv_tim.o(.bss.TIM2_Manage_Object)
    TIM3_Manage_Object                       0x200006f4   Data           8  drv_tim.o(.bss.TIM3_Manage_Object)
    chariot                                  0x20000708   Data         528  tsk_config_and_callback.o(.bss.chariot)
    hfdcan1                                  0x20000918   Data         100  fdcan.o(.bss.hfdcan1)
    hi2c1                                    0x2000097c   Data          84  i2c.o(.bss.hi2c1)
    hi2c2                                    0x200009d0   Data          84  i2c.o(.bss.hi2c2)
    hpcd_USB_DRD_FS                          0x20000a24   Data         736  usb.o(.bss.hpcd_USB_DRD_FS)
    hspi1                                    0x20000d04   Data         144  spi.o(.bss.hspi1)
    hspi2                                    0x20000d94   Data         144  spi.o(.bss.hspi2)
    hspi3                                    0x20000e24   Data         144  spi.o(.bss.hspi3)
    htim1                                    0x20000eb4   Data          76  tim.o(.bss.htim1)
    htim2                                    0x20000f00   Data          76  tim.o(.bss.htim2)
    htim3                                    0x20000f4c   Data          76  tim.o(.bss.htim3)
    init_finished                            0x20000f98   Data           1  tsk_config_and_callback.o(.bss.init_finished)
    result                                   0x20000f99   Data           1  ita_chariot.o(.bss.result)
    uwTick                                   0x20000f9c   Data           4  stm32h5xx_hal.o(.bss.uwTick)



==============================================================================

Memory Map of the image

  Image Entry point : 0x08000259

  Load Region LR_IROM1 (Base: 0x08000000, Size: 0x00006b68, Max: 0x00020000, ABSOLUTE)

    Execution Region ER_IROM1 (Exec base: 0x08000000, Load base: 0x08000000, Size: 0x00006b58, Max: 0x00020000, ABSOLUTE)

    Exec Addr    Load Addr    Size         Type   Attr      Idx    E Section Name        Object

    0x08000000   0x08000000   0x00000258   Data   RO            3    RESET               startup_stm32h503xx.o
    0x08000258   0x08000258   0x00000008   Code   RO         2820  * !!!main             c_w.l(__main.o)
    0x08000260   0x08000260   0x0000005c   Code   RO         3161    !!!scatter          c_w.l(__scatter.o)
    0x080002bc   0x080002bc   0x0000001a   Code   RO         3165    !!handler_copy      c_w.l(__scatter_copy.o)
    0x080002d6   0x080002d6   0x00000002   PAD
    0x080002d8   0x080002d8   0x00000002   Code   RO         3162    !!handler_null      c_w.l(__scatter.o)
    0x080002da   0x080002da   0x00000002   PAD
    0x080002dc   0x080002dc   0x0000001c   Code   RO         3167    !!handler_zi        c_w.l(__scatter_zi.o)
    0x080002f8   0x080002f8   0x00000002   Code   RO         3097    .ARM.Collect$$libinit$$00000000  c_w.l(libinit.o)
    0x080002fa   0x080002fa   0x00000004   Code   RO         2930    .ARM.Collect$$libinit$$00000001  c_w.l(libinit2.o)
    0x080002fe   0x080002fe   0x00000000   Code   RO         2933    .ARM.Collect$$libinit$$00000004  c_w.l(libinit2.o)
    0x080002fe   0x080002fe   0x00000000   Code   RO         2935    .ARM.Collect$$libinit$$00000006  c_w.l(libinit2.o)
    0x080002fe   0x080002fe   0x00000000   Code   RO         2938    .ARM.Collect$$libinit$$0000000C  c_w.l(libinit2.o)
    0x080002fe   0x080002fe   0x00000000   Code   RO         2940    .ARM.Collect$$libinit$$0000000E  c_w.l(libinit2.o)
    0x080002fe   0x080002fe   0x00000000   Code   RO         2942    .ARM.Collect$$libinit$$00000010  c_w.l(libinit2.o)
    0x080002fe   0x080002fe   0x00000000   Code   RO         2945    .ARM.Collect$$libinit$$00000013  c_w.l(libinit2.o)
    0x080002fe   0x080002fe   0x00000000   Code   RO         2947    .ARM.Collect$$libinit$$00000015  c_w.l(libinit2.o)
    0x080002fe   0x080002fe   0x00000000   Code   RO         2949    .ARM.Collect$$libinit$$00000017  c_w.l(libinit2.o)
    0x080002fe   0x080002fe   0x00000000   Code   RO         2951    .ARM.Collect$$libinit$$00000019  c_w.l(libinit2.o)
    0x080002fe   0x080002fe   0x00000000   Code   RO         2953    .ARM.Collect$$libinit$$0000001B  c_w.l(libinit2.o)
    0x080002fe   0x080002fe   0x00000000   Code   RO         2955    .ARM.Collect$$libinit$$0000001D  c_w.l(libinit2.o)
    0x080002fe   0x080002fe   0x00000000   Code   RO         2957    .ARM.Collect$$libinit$$0000001F  c_w.l(libinit2.o)
    0x080002fe   0x080002fe   0x00000000   Code   RO         2959    .ARM.Collect$$libinit$$00000021  c_w.l(libinit2.o)
    0x080002fe   0x080002fe   0x00000000   Code   RO         2961    .ARM.Collect$$libinit$$00000023  c_w.l(libinit2.o)
    0x080002fe   0x080002fe   0x00000000   Code   RO         2963    .ARM.Collect$$libinit$$00000025  c_w.l(libinit2.o)
    0x080002fe   0x080002fe   0x00000000   Code   RO         2965    .ARM.Collect$$libinit$$00000027  c_w.l(libinit2.o)
    0x080002fe   0x080002fe   0x00000000   Code   RO         2969    .ARM.Collect$$libinit$$0000002E  c_w.l(libinit2.o)
    0x080002fe   0x080002fe   0x00000000   Code   RO         2971    .ARM.Collect$$libinit$$00000030  c_w.l(libinit2.o)
    0x080002fe   0x080002fe   0x00000000   Code   RO         2973    .ARM.Collect$$libinit$$00000032  c_w.l(libinit2.o)
    0x080002fe   0x080002fe   0x00000004   Code   RO         2974    .ARM.Collect$$libinit$$00000033  c_w.l(libinit2.o)
    0x08000302   0x08000302   0x00000000   Code   RO         2975    .ARM.Collect$$libinit$$00000034  c_w.l(libinit2.o)
    0x08000302   0x08000302   0x00000002   Code   RO         2976    .ARM.Collect$$libinit$$00000035  c_w.l(libinit2.o)
    0x08000304   0x08000304   0x00000002   Code   RO         3159    .ARM.Collect$$libshutdown$$00000000  c_w.l(libshutdown.o)
    0x08000306   0x08000306   0x00000000   Code   RO         3115    .ARM.Collect$$libshutdown$$00000002  c_w.l(libshutdown2.o)
    0x08000306   0x08000306   0x00000000   Code   RO         3117    .ARM.Collect$$libshutdown$$00000004  c_w.l(libshutdown2.o)
    0x08000306   0x08000306   0x00000000   Code   RO         3120    .ARM.Collect$$libshutdown$$00000007  c_w.l(libshutdown2.o)
    0x08000306   0x08000306   0x00000000   Code   RO         3123    .ARM.Collect$$libshutdown$$0000000A  c_w.l(libshutdown2.o)
    0x08000306   0x08000306   0x00000000   Code   RO         3125    .ARM.Collect$$libshutdown$$0000000C  c_w.l(libshutdown2.o)
    0x08000306   0x08000306   0x00000000   Code   RO         3128    .ARM.Collect$$libshutdown$$0000000F  c_w.l(libshutdown2.o)
    0x08000306   0x08000306   0x00000002   Code   RO         3129    .ARM.Collect$$libshutdown$$00000010  c_w.l(libshutdown2.o)
    0x08000308   0x08000308   0x00000000   Code   RO         2892    .ARM.Collect$$rtentry$$00000000  c_w.l(__rtentry.o)
    0x08000308   0x08000308   0x00000000   Code   RO         3027    .ARM.Collect$$rtentry$$00000002  c_w.l(__rtentry2.o)
    0x08000308   0x08000308   0x00000006   Code   RO         3039    .ARM.Collect$$rtentry$$00000004  c_w.l(__rtentry4.o)
    0x0800030e   0x0800030e   0x00000000   Code   RO         3029    .ARM.Collect$$rtentry$$00000009  c_w.l(__rtentry2.o)
    0x0800030e   0x0800030e   0x00000004   Code   RO         3030    .ARM.Collect$$rtentry$$0000000A  c_w.l(__rtentry2.o)
    0x08000312   0x08000312   0x00000000   Code   RO         3032    .ARM.Collect$$rtentry$$0000000C  c_w.l(__rtentry2.o)
    0x08000312   0x08000312   0x00000008   Code   RO         3033    .ARM.Collect$$rtentry$$0000000D  c_w.l(__rtentry2.o)
    0x0800031a   0x0800031a   0x00000002   Code   RO         3102    .ARM.Collect$$rtexit$$00000000  c_w.l(rtexit.o)
    0x0800031c   0x0800031c   0x00000000   Code   RO         3135    .ARM.Collect$$rtexit$$00000002  c_w.l(rtexit2.o)
    0x0800031c   0x0800031c   0x00000004   Code   RO         3136    .ARM.Collect$$rtexit$$00000003  c_w.l(rtexit2.o)
    0x08000320   0x08000320   0x00000006   Code   RO         3137    .ARM.Collect$$rtexit$$00000004  c_w.l(rtexit2.o)
    0x08000326   0x08000326   0x00000002   PAD
    0x08000328   0x08000328   0x00000044   Code   RO            4    .text               startup_stm32h503xx.o
    0x0800036c   0x0800036c   0x0000004e   Code   RO         2816    .text               c_w.l(rt_memclr_w.o)
    0x080003ba   0x080003ba   0x00000006   Code   RO         2818    .text               c_w.l(heapauxi.o)
    0x080003c0   0x080003c0   0x0000002c   Code   RO         2825    .text               c_w.l(init_aeabi.o)
    0x080003ec   0x080003ec   0x00000008   Code   RO         3023    .text               c_w.l(libspace.o)
    0x080003f4   0x080003f4   0x00000002   Code   RO         3069    .text               c_w.l(use_no_semi.o)
    0x080003f6   0x080003f6   0x00000000   Code   RO         3071    .text               c_w.l(indicate_semi.o)
    0x080003f6   0x080003f6   0x0000004a   Code   RO         3072    .text               c_w.l(sys_stackheap_outer.o)
    0x08000440   0x08000440   0x00000012   Code   RO         3078    .text               c_w.l(exit.o)
    0x08000452   0x08000452   0x00000002   PAD
    0x08000454   0x08000454   0x0000000c   Code   RO         3098    .text               c_w.l(sys_exit.o)
    0x08000460   0x08000460   0x00000004   Code   RO          133    .text.BusFault_Handler  stm32h5xx_it.o
    0x08000464   0x08000464   0x00000002   Code   RO          139    .text.DebugMon_Handler  stm32h5xx_it.o
    0x08000466   0x08000466   0x00000002   PAD
    0x08000468   0x08000468   0x00000006   Code   RO           15    .text.Error_Handler  main.o
    0x0800046e   0x0800046e   0x00000002   PAD
    0x08000470   0x08000470   0x00000010   Code   RO          145    .text.FDCAN1_IT0_IRQHandler  stm32h5xx_it.o
    0x08000480   0x08000480   0x00000010   Code   RO          147    .text.FDCAN1_IT1_IRQHandler  stm32h5xx_it.o
    0x08000490   0x08000490   0x0000009e   Code   RO          889    .text.FDCAN_CalcultateRamBlockAddresses  stm32h5xx_hal_fdcan.o
    0x0800052e   0x0800052e   0x00000002   PAD
    0x08000530   0x08000530   0x000000b6   Code   RO          949    .text.FDCAN_CopyMessageToRAM  stm32h5xx_hal_fdcan.o
    0x080005e6   0x080005e6   0x00000002   PAD
    0x080005e8   0x080005e8   0x00000012   Code   RO          622    .text.HAL_DMAEx_GetFifoLevel  stm32h5xx_hal_dma_ex.o
    0x080005fa   0x080005fa   0x00000002   PAD
    0x080005fc   0x080005fc   0x00000054   Code   RO          505    .text.HAL_DMA_Abort_IT  stm32h5xx_hal_dma.o
    0x08000650   0x08000650   0x0000000e   Code   RO          515    .text.HAL_DMA_GetState  stm32h5xx_hal_dma.o
    0x0800065e   0x0800065e   0x00000002   PAD
    0x08000660   0x08000660   0x0000020a   Code   RO          977    .text.HAL_FDCAN_ActivateNotification  stm32h5xx_hal_fdcan.o
    0x0800086a   0x0800086a   0x00000002   PAD
    0x0800086c   0x0800086c   0x0000009a   Code   RO          947    .text.HAL_FDCAN_AddMessageToTxFifoQ  stm32h5xx_hal_fdcan.o
    0x08000906   0x08000906   0x00000002   PAD
    0x08000908   0x08000908   0x000000b6   Code   RO          901    .text.HAL_FDCAN_ConfigFilter  stm32h5xx_hal_fdcan.o
    0x080009be   0x080009be   0x00000002   PAD
    0x080009c0   0x080009c0   0x00000066   Code   RO          903    .text.HAL_FDCAN_ConfigGlobalFilter  stm32h5xx_hal_fdcan.o
    0x08000a26   0x08000a26   0x00000002   PAD
    0x08000a28   0x08000a28   0x00000008   Code   RO         1003    .text.HAL_FDCAN_ErrorCallback  stm32h5xx_hal_fdcan.o
    0x08000a30   0x08000a30   0x0000000a   Code   RO         1001    .text.HAL_FDCAN_ErrorStatusCallback  stm32h5xx_hal_fdcan.o
    0x08000a3a   0x08000a3a   0x00000002   PAD
    0x08000a3c   0x08000a3c   0x00000230   Code   RO          955    .text.HAL_FDCAN_GetRxMessage  stm32h5xx_hal_fdcan.o
    0x08000c6c   0x08000c6c   0x00000008   Code   RO          983    .text.HAL_FDCAN_HighPriorityMessageCallback  stm32h5xx_hal_fdcan.o
    0x08000c74   0x08000c74   0x000002b8   Code   RO          981    .text.HAL_FDCAN_IRQHandler  stm32h5xx_hal_fdcan.o
    0x08000f2c   0x08000f2c   0x000002cc   Code   RO          885    .text.HAL_FDCAN_Init  stm32h5xx_hal_fdcan.o
    0x080011f8   0x080011f8   0x000000d2   Code   RO           35    .text.HAL_FDCAN_MspInit  fdcan.o
    0x080012ca   0x080012ca   0x00000002   PAD
    0x080012cc   0x080012cc   0x00000050   Code   RO         1965    .text.HAL_FDCAN_RxFifo0Callback  drv_can.o
    0x0800131c   0x0800131c   0x00000050   Code   RO         1967    .text.HAL_FDCAN_RxFifo1Callback  drv_can.o
    0x0800136c   0x0800136c   0x0000004a   Code   RO          945    .text.HAL_FDCAN_Start  stm32h5xx_hal_fdcan.o
    0x080013b6   0x080013b6   0x00000002   PAD
    0x080013b8   0x080013b8   0x00000008   Code   RO          999    .text.HAL_FDCAN_TimeoutOccurredCallback  stm32h5xx_hal_fdcan.o
    0x080013c0   0x080013c0   0x00000008   Code   RO          997    .text.HAL_FDCAN_TimestampWraparoundCallback  stm32h5xx_hal_fdcan.o
    0x080013c8   0x080013c8   0x0000000a   Code   RO          985    .text.HAL_FDCAN_TxBufferAbortCallback  stm32h5xx_hal_fdcan.o
    0x080013d2   0x080013d2   0x00000002   PAD
    0x080013d4   0x080013d4   0x0000000a   Code   RO          995    .text.HAL_FDCAN_TxBufferCompleteCallback  stm32h5xx_hal_fdcan.o
    0x080013de   0x080013de   0x00000002   PAD
    0x080013e0   0x080013e0   0x0000000a   Code   RO          987    .text.HAL_FDCAN_TxEventFifoCallback  stm32h5xx_hal_fdcan.o
    0x080013ea   0x080013ea   0x00000002   PAD
    0x080013ec   0x080013ec   0x00000008   Code   RO          993    .text.HAL_FDCAN_TxFifoEmptyCallback  stm32h5xx_hal_fdcan.o
    0x080013f4   0x080013f4   0x000002ce   Code   RO          460    .text.HAL_GPIO_Init  stm32h5xx_hal_gpio.o
    0x080016c2   0x080016c2   0x00000002   PAD
    0x080016c4   0x080016c4   0x0000002c   Code   RO          466    .text.HAL_GPIO_WritePin  stm32h5xx_hal_gpio.o
    0x080016f0   0x080016f0   0x0000000c   Code   RO          760    .text.HAL_GetTick   stm32h5xx_hal.o
    0x080016fc   0x080016fc   0x00000098   Code   RO         1186    .text.HAL_I2CEx_ConfigAnalogFilter  stm32h5xx_hal_i2c_ex.o
    0x08001794   0x08001794   0x000000a2   Code   RO         1188    .text.HAL_I2CEx_ConfigDigitalFilter  stm32h5xx_hal_i2c_ex.o
    0x08001836   0x08001836   0x00000002   PAD
    0x08001838   0x08001838   0x00000008   Code   RO         1155    .text.HAL_I2C_AbortCpltCallback  stm32h5xx_hal_i2c.o
    0x08001840   0x08001840   0x00000010   Code   RO         1145    .text.HAL_I2C_AddrCallback  stm32h5xx_hal_i2c.o
    0x08001850   0x08001850   0x000000d0   Code   RO         1133    .text.HAL_I2C_ER_IRQHandler  stm32h5xx_hal_i2c.o
    0x08001920   0x08001920   0x0000002e   Code   RO         1131    .text.HAL_I2C_EV_IRQHandler  stm32h5xx_hal_i2c.o
    0x0800194e   0x0800194e   0x00000002   PAD
    0x08001950   0x08001950   0x00000008   Code   RO         1153    .text.HAL_I2C_ErrorCallback  stm32h5xx_hal_i2c.o
    0x08001958   0x08001958   0x00000114   Code   RO         1017    .text.HAL_I2C_Init  stm32h5xx_hal_i2c.o
    0x08001a6c   0x08001a6c   0x00000008   Code   RO         1147    .text.HAL_I2C_ListenCpltCallback  stm32h5xx_hal_i2c.o
    0x08001a74   0x08001a74   0x00000160   Code   RO           51    .text.HAL_I2C_MspInit  i2c.o
    0x08001bd4   0x08001bd4   0x00000008   Code   RO         1143    .text.HAL_I2C_SlaveRxCpltCallback  stm32h5xx_hal_i2c.o
    0x08001bdc   0x08001bdc   0x00000008   Code   RO         1141    .text.HAL_I2C_SlaveTxCpltCallback  stm32h5xx_hal_i2c.o
    0x08001be4   0x08001be4   0x00000014   Code   RO         1207    .text.HAL_ICACHE_Enable  stm32h5xx_hal_icache.o
    0x08001bf8   0x08001bf8   0x0000001a   Code   RO          758    .text.HAL_IncTick   stm32h5xx_hal.o
    0x08001c12   0x08001c12   0x00000002   PAD
    0x08001c14   0x08001c14   0x0000005e   Code   RO          748    .text.HAL_Init      stm32h5xx_hal.o
    0x08001c72   0x08001c72   0x00000002   PAD
    0x08001c74   0x08001c74   0x00000114   Code   RO          750    .text.HAL_InitTick  stm32h5xx_hal.o
    0x08001d88   0x08001d88   0x00000002   Code   RO          164    .text.HAL_MspInit   stm32h5xx_hal_msp.o
    0x08001d8a   0x08001d8a   0x00000002   PAD
    0x08001d8c   0x08001d8c   0x00000014   Code   RO          184    .text.HAL_NVIC_EnableIRQ  stm32h5xx_hal_cortex.o
    0x08001da0   0x08001da0   0x0000002e   Code   RO          176    .text.HAL_NVIC_SetPriority  stm32h5xx_hal_cortex.o
    0x08001dce   0x08001dce   0x00000002   PAD
    0x08001dd0   0x08001dd0   0x00000010   Code   RO          172    .text.HAL_NVIC_SetPriorityGrouping  stm32h5xx_hal_cortex.o
    0x08001de0   0x08001de0   0x00000032   Code   RO         1853    .text.HAL_PCDEx_ActivateLPM  stm32h5xx_hal_pcd_ex.o
    0x08001e12   0x08001e12   0x00000002   PAD
    0x08001e14   0x08001e14   0x000001b2   Code   RO         1758    .text.HAL_PCD_Init  stm32h5xx_hal_pcd.o
    0x08001fc6   0x08001fc6   0x00000002   PAD
    0x08001fc8   0x08001fc8   0x00000060   Code   RO          115    .text.HAL_PCD_MspInit  usb.o
    0x08002028   0x08002028   0x00000a9a   Code   RO          294    .text.HAL_RCCEx_PeriphCLKConfig  stm32h5xx_hal_rcc_ex.o
    0x08002ac2   0x08002ac2   0x00000002   PAD
    0x08002ac4   0x08002ac4   0x00000494   Code   RO          259    .text.HAL_RCC_ClockConfig  stm32h5xx_hal_rcc.o
    0x08002f58   0x08002f58   0x00000034   Code   RO          257    .text.HAL_RCC_GetHCLKFreq  stm32h5xx_hal_rcc.o
    0x08002f8c   0x08002f8c   0x000002cc   Code   RO          261    .text.HAL_RCC_GetSysClockFreq  stm32h5xx_hal_rcc.o
    0x08003258   0x08003258   0x000009fc   Code   RO          255    .text.HAL_RCC_OscConfig  stm32h5xx_hal_rcc.o
    0x08003c54   0x08003c54   0x00000226   Code   RO         1242    .text.HAL_SPI_Init  stm32h5xx_hal_spi.o
    0x08003e7a   0x08003e7a   0x00000002   PAD
    0x08003e7c   0x08003e7c   0x000001ec   Code   RO           79    .text.HAL_SPI_MspInit  spi.o
    0x08004068   0x08004068   0x0000009a   Code   RO          222    .text.HAL_SYSTICK_CLKSourceConfig  stm32h5xx_hal_cortex.o
    0x08004102   0x08004102   0x00000002   PAD
    0x08004104   0x08004104   0x0000004a   Code   RO          220    .text.HAL_SYSTICK_Config  stm32h5xx_hal_cortex.o
    0x0800414e   0x0800414e   0x00000002   PAD
    0x08004150   0x08004150   0x00000062   Code   RO          224    .text.HAL_SYSTICK_GetCLKSourceConfig  stm32h5xx_hal_cortex.o
    0x080041b2   0x080041b2   0x00000002   PAD
    0x080041b4   0x080041b4   0x00000008   Code   RO         1737    .text.HAL_TIMEx_Break2Callback  stm32h5xx_hal_tim_ex.o
    0x080041bc   0x080041bc   0x00000008   Code   RO         1735    .text.HAL_TIMEx_BreakCallback  stm32h5xx_hal_tim_ex.o
    0x080041c4   0x080041c4   0x00000008   Code   RO         1731    .text.HAL_TIMEx_CommutCallback  stm32h5xx_hal_tim_ex.o
    0x080041cc   0x080041cc   0x00000008   Code   RO         1741    .text.HAL_TIMEx_DirectionChangeCallback  stm32h5xx_hal_tim_ex.o
    0x080041d4   0x080041d4   0x00000008   Code   RO         1739    .text.HAL_TIMEx_EncoderIndexCallback  stm32h5xx_hal_tim_ex.o
    0x080041dc   0x080041dc   0x00000008   Code   RO         1743    .text.HAL_TIMEx_IndexErrorCallback  stm32h5xx_hal_tim_ex.o
    0x080041e4   0x080041e4   0x000000f6   Code   RO         1681    .text.HAL_TIMEx_MasterConfigSynchronization  stm32h5xx_hal_tim_ex.o
    0x080042da   0x080042da   0x00000002   PAD
    0x080042dc   0x080042dc   0x00000008   Code   RO         1745    .text.HAL_TIMEx_TransitionErrorCallback  stm32h5xx_hal_tim_ex.o
    0x080042e4   0x080042e4   0x000000a8   Code   RO         1362    .text.HAL_TIM_Base_Init  stm32h5xx_hal_tim.o
    0x0800438c   0x0800438c   0x0000010c   Code   RO           99    .text.HAL_TIM_Base_MspInit  tim.o
    0x08004498   0x08004498   0x000000ac   Code   RO         1376    .text.HAL_TIM_Base_Start_IT  stm32h5xx_hal_tim.o
    0x08004544   0x08004544   0x00000208   Code   RO         1560    .text.HAL_TIM_ConfigClockSource  stm32h5xx_hal_tim.o
    0x0800474c   0x0800474c   0x00000008   Code   RO         1500    .text.HAL_TIM_IC_CaptureCallback  stm32h5xx_hal_tim.o
    0x08004754   0x08004754   0x00000300   Code   RO         1498    .text.HAL_TIM_IRQHandler  stm32h5xx_hal_tim.o
    0x08004a54   0x08004a54   0x00000008   Code   RO         1502    .text.HAL_TIM_OC_DelayElapsedCallback  stm32h5xx_hal_tim.o
    0x08004a5c   0x08004a5c   0x00000008   Code   RO         1504    .text.HAL_TIM_PWM_PulseFinishedCallback  stm32h5xx_hal_tim.o
    0x08004a64   0x08004a64   0x000000aa   Code   RO         2035    .text.HAL_TIM_PeriodElapsedCallback  drv_tim.o
    0x08004b0e   0x08004b0e   0x00000002   PAD
    0x08004b10   0x08004b10   0x00000008   Code   RO         1508    .text.HAL_TIM_TriggerCallback  stm32h5xx_hal_tim.o
    0x08004b18   0x08004b18   0x00000004   Code   RO          129    .text.HardFault_Handler  stm32h5xx_it.o
    0x08004b1c   0x08004b1c   0x00000010   Code   RO          155    .text.I2C1_ER_IRQHandler  stm32h5xx_it.o
    0x08004b2c   0x08004b2c   0x00000010   Code   RO          153    .text.I2C1_EV_IRQHandler  stm32h5xx_it.o
    0x08004b3c   0x08004b3c   0x0000003a   Code   RO         1117    .text.I2C_DMAAbort  stm32h5xx_hal_i2c.o
    0x08004b76   0x08004b76   0x00000002   PAD
    0x08004b78   0x08004b78   0x000000cc   Code   RO         1115    .text.I2C_Disable_IRQ  stm32h5xx_hal_i2c.o
    0x08004c44   0x08004c44   0x00000040   Code   RO         1041    .text.I2C_Flush_TXDR  stm32h5xx_hal_i2c.o
    0x08004c84   0x08004c84   0x0000012c   Code   RO         1173    .text.I2C_ITAddrCplt  stm32h5xx_hal_i2c.o
    0x08004db0   0x08004db0   0x000001f2   Code   RO         1135    .text.I2C_ITError   stm32h5xx_hal_i2c.o
    0x08004fa2   0x08004fa2   0x00000002   PAD
    0x08004fa4   0x08004fa4   0x0000009c   Code   RO         1169    .text.I2C_ITListenCplt  stm32h5xx_hal_i2c.o
    0x08005040   0x08005040   0x00000328   Code   RO         1167    .text.I2C_ITSlaveCplt  stm32h5xx_hal_i2c.o
    0x08005368   0x08005368   0x000000c8   Code   RO         1171    .text.I2C_ITSlaveSeqCplt  stm32h5xx_hal_i2c.o
    0x08005430   0x08005430   0x00000248   Code   RO         1055    .text.I2C_Slave_ISR_IT  stm32h5xx_hal_i2c.o
    0x08005678   0x08005678   0x00000052   Code   RO         1175    .text.I2C_TreatErrorCallback  stm32h5xx_hal_i2c.o
    0x080056ca   0x080056ca   0x00000002   PAD
    0x080056cc   0x080056cc   0x00000060   Code   RO           33    .text.MX_FDCAN1_Init  fdcan.o
    0x0800572c   0x0800572c   0x0000011e   Code   RO           25    .text.MX_GPIO_Init  gpio.o
    0x0800584a   0x0800584a   0x00000002   PAD
    0x0800584c   0x0800584c   0x00000076   Code   RO           47    .text.MX_I2C1_Init  i2c.o
    0x080058c2   0x080058c2   0x00000002   PAD
    0x080058c4   0x080058c4   0x00000076   Code   RO           49    .text.MX_I2C2_Init  i2c.o
    0x0800593a   0x0800593a   0x00000002   PAD
    0x0800593c   0x0800593c   0x00000012   Code   RO           64    .text.MX_ICACHE_Init  icache.o
    0x0800594e   0x0800594e   0x00000002   PAD
    0x08005950   0x08005950   0x0000006e   Code   RO           73    .text.MX_SPI1_Init  spi.o
    0x080059be   0x080059be   0x00000002   PAD
    0x080059c0   0x080059c0   0x0000006e   Code   RO           75    .text.MX_SPI2_Init  spi.o
    0x08005a2e   0x08005a2e   0x00000002   PAD
    0x08005a30   0x08005a30   0x0000006e   Code   RO           77    .text.MX_SPI3_Init  spi.o
    0x08005a9e   0x08005a9e   0x00000002   PAD
    0x08005aa0   0x08005aa0   0x0000008a   Code   RO           93    .text.MX_TIM1_Init  tim.o
    0x08005b2a   0x08005b2a   0x00000002   PAD
    0x08005b2c   0x08005b2c   0x00000082   Code   RO           95    .text.MX_TIM2_Init  tim.o
    0x08005bae   0x08005bae   0x00000002   PAD
    0x08005bb0   0x08005bb0   0x00000086   Code   RO           97    .text.MX_TIM3_Init  tim.o
    0x08005c36   0x08005c36   0x00000002   PAD
    0x08005c38   0x08005c38   0x00000044   Code   RO          113    .text.MX_USB_PCD_Init  usb.o
    0x08005c7c   0x08005c7c   0x00000004   Code   RO          131    .text.MemManage_Handler  stm32h5xx_it.o
    0x08005c80   0x08005c80   0x00000004   Code   RO          127    .text.NMI_Handler   stm32h5xx_it.o
    0x08005c84   0x08005c84   0x0000006c   Code   RO          182    .text.NVIC_EncodePriority  stm32h5xx_hal_cortex.o
    0x08005cf0   0x08005cf0   0x00000002   Code   RO          141    .text.PendSV_Handler  stm32h5xx_it.o
    0x08005cf2   0x08005cf2   0x00000002   PAD
    0x08005cf4   0x08005cf4   0x0000016c   Code   RO          296    .text.RCCEx_PLL2_Config  stm32h5xx_hal_rcc_ex.o
    0x08005e60   0x08005e60   0x0000002c   Code   RO         1244    .text.SPI_GetPacketSize  stm32h5xx_hal_spi.o
    0x08005e8c   0x08005e8c   0x00000002   Code   RO          137    .text.SVC_Handler   stm32h5xx_it.o
    0x08005e8e   0x08005e8e   0x00000002   PAD
    0x08005e90   0x08005e90   0x00000008   Code   RO          143    .text.SysTick_Handler  stm32h5xx_it.o
    0x08005e98   0x08005e98   0x000000ca   Code   RO           13    .text.SystemClock_Config  main.o
    0x08005f62   0x08005f62   0x00000002   PAD
    0x08005f64   0x08005f64   0x00000116   Code   RO         1943    .text.SystemInit    system_stm32h5xx.o
    0x0800607a   0x0800607a   0x00000002   PAD
    0x0800607c   0x0800607c   0x00000010   Code   RO          149    .text.TIM2_IRQHandler  stm32h5xx_it.o
    0x0800608c   0x0800608c   0x00000010   Code   RO          151    .text.TIM3_IRQHandler  stm32h5xx_it.o
    0x0800609c   0x0800609c   0x000000e6   Code   RO         1366    .text.TIM_Base_SetConfig  stm32h5xx_hal_tim.o
    0x08006182   0x08006182   0x00000002   PAD
    0x08006184   0x08006184   0x00000034   Code   RO         1558    .text.TIM_ETR_SetConfig  stm32h5xx_hal_tim.o
    0x080061b8   0x080061b8   0x00000030   Code   RO         1564    .text.TIM_ITRx_SetConfig  stm32h5xx_hal_tim.o
    0x080061e8   0x080061e8   0x00000050   Code   RO         1562    .text.TIM_TI1_ConfigInputStage  stm32h5xx_hal_tim.o
    0x08006238   0x08006238   0x00000052   Code   RO         1566    .text.TIM_TI2_ConfigInputStage  stm32h5xx_hal_tim.o
    0x0800628a   0x0800628a   0x00000002   PAD
    0x0800628c   0x0800628c   0x00000002   Code   RO         2549    .text.Task10ms_TIM3_Callback  tsk_config_and_callback.o
    0x0800628e   0x0800628e   0x00000002   PAD
    0x08006290   0x08006290   0x00000010   Code   RO         2547    .text.Task1ms_TIM2_Callback  tsk_config_and_callback.o
    0x080062a0   0x080062a0   0x0000008a   Code   RO         2545    .text.Task_Init     tsk_config_and_callback.o
    0x0800632a   0x0800632a   0x00000002   PAD
    0x0800632c   0x0800632c   0x00000056   Code   RO         1876    .text.USB_DevInit   stm32h5xx_ll_usb.o
    0x08006382   0x08006382   0x00000002   PAD
    0x08006384   0x08006384   0x0000001a   Code   RO         1872    .text.USB_DisableGlobalInt  stm32h5xx_ll_usb.o
    0x0800639e   0x0800639e   0x00000002   PAD
    0x080063a0   0x080063a0   0x0000004c   Code   RO         1874    .text.USB_SetCurrentMode  stm32h5xx_ll_usb.o
    0x080063ec   0x080063ec   0x00000004   Code   RO          135    .text.UsageFault_Handler  stm32h5xx_it.o
    0x080063f0   0x080063f0   0x00000008   Code   RO         2551    .text._GLOBAL__sub_I_tsk_config_and_callback.cpp  tsk_config_and_callback.o
    0x080063f8   0x080063f8   0x00000050   Code   RO         1957    .text._Z10FDCAN_InitP19FDCAN_HandleTypeDefPFvP22Struct_FDCAN_Rx_BufferE  drv_can.o
    0x08006448   0x08006448   0x000000a8   Code   RO         1961    .text._Z15FDCAN_Send_DataP19FDCAN_HandleTypeDefjPh18Enum_FDCAN_ID_Typeh  drv_can.o
    0x080064f0   0x080064f0   0x000000e8   Code   RO         1959    .text._Z24FDCAN_Filter_Mask_ConfigP19FDCAN_HandleTypeDefhjj  drv_can.o
    0x080065d8   0x080065d8   0x00000046   Code   RO         2246    .text._Z8DWT_Initv  dvc_dwt.o
    0x0800661e   0x0800661e   0x00000002   PAD
    0x08006620   0x08006620   0x00000080   Code   RO         2015    .text._Z8SPI_InitP19__SPI_HandleTypeDefPFvPhS1_tE  drv_spi.o
    0x080066a0   0x080066a0   0x00000074   Code   RO         2033    .text._Z8TIM_InitP17TIM_HandleTypeDefPFvvE  drv_tim.o
    0x08006714   0x08006714   0x00000048   Code   RO         2528    .text._ZN13Class_Chariot37TIM_Communicate_PeriodElapsedCallbackEv  ita_chariot.o
    0x0800675c   0x0800675c   0x00000094   Code   RO         2562    .text._ZN13Class_ChariotC2Ev  tsk_config_and_callback.o
    0x080067f0   0x080067f0   0x00000012   Code   RO         2566    .text._ZN13Class_MMC5983C2Ev  tsk_config_and_callback.o
    0x08006802   0x08006802   0x00000002   PAD
    0x08006804   0x08006804   0x000001dc   Code   RO         2564    .text._ZN16Class_LSM6DSV16XC2Ev  tsk_config_and_callback.o
    0x080069e0   0x080069e0   0x00000030   Code   RO          186    .text.__NVIC_EnableIRQ  stm32h5xx_hal_cortex.o
    0x08006a10   0x08006a10   0x00000010   Code   RO          178    .text.__NVIC_GetPriorityGrouping  stm32h5xx_hal_cortex.o
    0x08006a20   0x08006a20   0x00000042   Code   RO          180    .text.__NVIC_SetPriority  stm32h5xx_hal_cortex.o
    0x08006a62   0x08006a62   0x00000002   PAD
    0x08006a64   0x08006a64   0x0000003c   Code   RO          174    .text.__NVIC_SetPriorityGrouping  stm32h5xx_hal_cortex.o
    0x08006aa0   0x08006aa0   0x00000010   Code   RO         2543    .text.__cxx_global_var_init  tsk_config_and_callback.o
    0x08006ab0   0x08006ab0   0x00000048   Code   RO           11    .text.main          main.o
    0x08006af8   0x08006af8   0x0000001a   Code   RO         3067    x$fpl$fpinit        fz_wm.l(fpinit.o)
    0x08006b12   0x08006b12   0x00000010   Data   RO         1948    .rodata.AHBPrescTable  system_stm32h5xx.o
    0x08006b22   0x08006b22   0x00000010   Data   RO         1009    .rodata.DLCtoBytes  stm32h5xx_hal_fdcan.o
    0x08006b32   0x08006b32   0x00000002   PAD
    0x08006b34   0x08006b34   0x00000020   Data   RO         3160    Region$$Table       anon$$obj.o
    0x08006b54   0x08006b54   0x00000004   Data   RO         2555    .init_array         tsk_config_and_callback.o
    0x08006b58   0x08006b54   0x00000000   Data   RO         2823    .init_array         c_w.l(init_aeabi.o)


    Execution Region RW_IRAM1 (Exec base: 0x20000000, Load base: 0x08006b58, Size: 0x00001fa0, Max: 0x00008000, ABSOLUTE)

    Exec Addr    Load Addr    Size         Type   Attr      Idx    E Section Name        Object

    0x20000000   0x08006b58   0x00000004   Data   RW         1947    .data.SystemCoreClock  system_stm32h5xx.o
    0x20000004   0x08006b5c   0x00000001   Data   RW          847    .data.uwTickFreq    stm32h5xx_hal.o
    0x20000005   0x08006b5d   0x00000003   PAD
    0x20000008   0x08006b60   0x00000004   Data   RW          846    .data.uwTickPrio    stm32h5xx_hal.o
    0x2000000c   0x08006b64   0x00000004   PAD
    0x20000010        -       0x00000060   Zero   RW         3024    .bss                c_w.l(libspace.o)
    0x20000070        -       0x00000038   Zero   RW         1969    .bss.FDCAN1_Manage_Object  drv_can.o
    0x200000a8        -       0x00000214   Zero   RW         2023    .bss.SPI1_Manage_Object  drv_spi.o
    0x200002bc        -       0x00000214   Zero   RW         2024    .bss.SPI2_Manage_Object  drv_spi.o
    0x200004d0        -       0x00000214   Zero   RW         2025    .bss.SPI3_Manage_Object  drv_spi.o
    0x200006e4        -       0x00000008   Zero   RW         2037    .bss.TIM1_Manage_Object  drv_tim.o
    0x200006ec        -       0x00000008   Zero   RW         2038    .bss.TIM2_Manage_Object  drv_tim.o
    0x200006f4        -       0x00000008   Zero   RW         2039    .bss.TIM3_Manage_Object  drv_tim.o
    0x200006fc        -       0x00000004   Zero   RW         2263    .bss._ZL16last_cycle_count  dvc_dwt.o
    0x20000700        -       0x00000008   Zero   RW         2264    .bss._ZL18accumulated_cycles  dvc_dwt.o
    0x20000708        -       0x00000210   Zero   RW         2554    .bss.chariot        tsk_config_and_callback.o
    0x20000918        -       0x00000064   Zero   RW           39    .bss.hfdcan1        fdcan.o
    0x2000097c        -       0x00000054   Zero   RW           55    .bss.hi2c1          i2c.o
    0x200009d0        -       0x00000054   Zero   RW           56    .bss.hi2c2          i2c.o
    0x20000a24        -       0x000002e0   Zero   RW          119    .bss.hpcd_USB_DRD_FS  usb.o
    0x20000d04        -       0x00000090   Zero   RW           83    .bss.hspi1          spi.o
    0x20000d94        -       0x00000090   Zero   RW           84    .bss.hspi2          spi.o
    0x20000e24        -       0x00000090   Zero   RW           85    .bss.hspi3          spi.o
    0x20000eb4        -       0x0000004c   Zero   RW          103    .bss.htim1          tim.o
    0x20000f00        -       0x0000004c   Zero   RW          104    .bss.htim2          tim.o
    0x20000f4c        -       0x0000004c   Zero   RW          105    .bss.htim3          tim.o
    0x20000f98        -       0x00000001   Zero   RW         2553    .bss.init_finished  tsk_config_and_callback.o
    0x20000f99        -       0x00000001   Zero   RW         2534    .bss.result         ita_chariot.o
    0x20000f9a   0x08006b64   0x00000002   PAD
    0x20000f9c        -       0x00000004   Zero   RW          848    .bss.uwTick         stm32h5xx_hal.o
    0x20000fa0        -       0x00000800   Zero   RW            2    HEAP                startup_stm32h503xx.o
    0x200017a0        -       0x00000800   Zero   RW            1    STACK               startup_stm32h503xx.o


==============================================================================

Image component sizes


      Code (inc. data)   RO Data    RW Data    ZI Data      Debug   Object Name

       640          8          0          0         56      16740   drv_can.o
       128          0          0          0       1596      18007   drv_spi.o
       286          0          0          0         24      14468   drv_tim.o
        70          0          0          0         12      16227   dvc_dwt.o
       306          0          0          0        100       8309   fdcan.o
       286          0          0          0          0       2960   gpio.o
       588          0          0          0        168       9982   i2c.o
        18          0          0          0          0        547   icache.o
        72          0          0          0          1      39711   ita_chariot.o
       280          0          0          0          0       3818   main.o
       822          0          0          0        432       8929   spi.o
        68         28        600          0       4096        932   startup_stm32h503xx.o
       408          0          0          5          4      11337   stm32h5xx_hal.o
       706          6          0          0          0      12385   stm32h5xx_hal_cortex.o
        98          0          0          0          0       8881   stm32h5xx_hal_dma.o
        18          0          0          0          0      24382   stm32h5xx_hal_dma_ex.o
      3426          0         16          0          0      18926   stm32h5xx_hal_fdcan.o
       762          0          0          0          0       5037   stm32h5xx_hal_gpio.o
      3540          0          0          0          0      38378   stm32h5xx_hal_i2c.o
       314          0          0          0          0       5510   stm32h5xx_hal_i2c_ex.o
        20          0          0          0          0       3337   stm32h5xx_hal_icache.o
         2          0          0          0          0        357   stm32h5xx_hal_msp.o
       434          0          0          0          0      13507   stm32h5xx_hal_pcd.o
        50          0          0          0          0       4971   stm32h5xx_hal_pcd_ex.o
      4496         16          0          0          0      12185   stm32h5xx_hal_rcc.o
      3078         88          0          0          0      17256   stm32h5xx_hal_rcc_ex.o
       594          0          0          0          0      21107   stm32h5xx_hal_spi.o
      2152          0          0          0          0      39037   stm32h5xx_hal_tim.o
       302          0          0          0          0      21773   stm32h5xx_hal_tim_ex.o
       130          0          0          0          0       1563   stm32h5xx_it.o
       188          0          0          0          0      15011   stm32h5xx_ll_usb.o
       278          0         16          4          0       5242   system_stm32h5xx.o
       670          0          0          0        228       9887   tim.o
       822          0          4          0        529      28335   tsk_config_and_callback.o
       164          0          0          0        736       6045   usb.o

    ----------------------------------------------------------------------
     26332        146        670         12       7988     465079   Object Totals
         0          0         32          0          0          0   (incl. Generated)
       116          0          2          3          6          0   (incl. Padding)

    ----------------------------------------------------------------------

      Code (inc. data)   RO Data    RW Data    ZI Data      Debug   Library Member Name

         8          0          0          0          0         68   __main.o
         0          0          0          0          0          0   __rtentry.o
        12          0          0          0          0          0   __rtentry2.o
         6          0          0          0          0          0   __rtentry4.o
        94          8          0          0          0          0   __scatter.o
        26          0          0          0          0          0   __scatter_copy.o
        28          0          0          0          0          0   __scatter_zi.o
        18          0          0          0          0         80   exit.o
         6          0          0          0          0        152   heapauxi.o
         0          0          0          0          0          0   indicate_semi.o
        44          8          0          0          0         80   init_aeabi.o
         2          0          0          0          0          0   libinit.o
        10          0          0          0          0          0   libinit2.o
         2          0          0          0          0          0   libshutdown.o
         2          0          0          0          0          0   libshutdown2.o
         8          4          0          0         96         68   libspace.o
        78          0          0          0          0         80   rt_memclr_w.o
         2          0          0          0          0          0   rtexit.o
        10          0          0          0          0          0   rtexit2.o
        12          4          0          0          0         68   sys_exit.o
        74          0          0          0          0         80   sys_stackheap_outer.o
         2          0          0          0          0         68   use_no_semi.o
        26          0          0          0          0        116   fpinit.o

    ----------------------------------------------------------------------
       478         24          0          0         96        860   Library Totals
         8          0          0          0          0          0   (incl. Padding)

    ----------------------------------------------------------------------

      Code (inc. data)   RO Data    RW Data    ZI Data      Debug   Library Name

       444         24          0          0         96        744   c_w.l
        26          0          0          0          0        116   fz_wm.l

    ----------------------------------------------------------------------
       478         24          0          0         96        860   Library Totals

    ----------------------------------------------------------------------

==============================================================================


      Code (inc. data)   RO Data    RW Data    ZI Data      Debug   

     26810        170        670         12       8084     465087   Grand Totals
     26810        170        670         12       8084     465087   ELF Image Totals
     26810        170        670         12          0          0   ROM Totals

==============================================================================

    Total RO  Size (Code + RO Data)                27480 (  26.84kB)
    Total RW  Size (RW Data + ZI Data)              8096 (   7.91kB)
    Total ROM Size (Code + RO Data + RW Data)      27492 (  26.85kB)

==============================================================================

